ARM Linker, 5.03 [Build 24] [MDK-ARM Standard]

==============================================================================

Section Cross References

    startup_stm32f10x_hd.o(RESET) refers to startup_stm32f10x_hd.o(STACK) for __initial_sp
    startup_stm32f10x_hd.o(RESET) refers to startup_stm32f10x_hd.o(.text) for Reset_Handler
    startup_stm32f10x_hd.o(RESET) refers to stm32f10x_it.o(i.NMI_Handler) for NMI_Handler
    startup_stm32f10x_hd.o(RESET) refers to stm32f10x_it.o(i.HardFault_Handler) for HardFault_Handler
    startup_stm32f10x_hd.o(RESET) refers to stm32f10x_it.o(i.MemManage_Handler) for MemManage_Handler
    startup_stm32f10x_hd.o(RESET) refers to stm32f10x_it.o(i.BusFault_Handler) for BusFault_Handler
    startup_stm32f10x_hd.o(RESET) refers to stm32f10x_it.o(i.UsageFault_Handler) for UsageFault_Handler
    startup_stm32f10x_hd.o(RESET) refers to stm32f10x_it.o(i.SVC_Handler) for SVC_Handler
    startup_stm32f10x_hd.o(RESET) refers to stm32f10x_it.o(i.DebugMon_Handler) for DebugMon_Handler
    startup_stm32f10x_hd.o(RESET) refers to stm32f10x_it.o(i.PendSV_Handler) for PendSV_Handler
    startup_stm32f10x_hd.o(RESET) refers to stm32f10x_it.o(i.SysTick_Handler) for SysTick_Handler
    startup_stm32f10x_hd.o(RESET) refers to stm32f10x_it.o(i.DMA1_Channel4_IRQHandler) for DMA1_Channel4_IRQHandler
    startup_stm32f10x_hd.o(RESET) refers to stm32f10x_it.o(i.DMA1_Channel6_IRQHandler) for DMA1_Channel6_IRQHandler
    startup_stm32f10x_hd.o(RESET) refers to stm32f10x_it.o(i.USB_LP_CAN1_RX0_IRQHandler) for USB_LP_CAN1_RX0_IRQHandler
    startup_stm32f10x_hd.o(RESET) refers to stm32f10x_it.o(i.USART1_IRQHandler) for USART1_IRQHandler
    startup_stm32f10x_hd.o(RESET) refers to stm32f10x_it.o(i.USART2_IRQHandler) for USART2_IRQHandler
    startup_stm32f10x_hd.o(RESET) refers to stm32f10x_it.o(i.UART4_IRQHandler) for UART4_IRQHandler
    startup_stm32f10x_hd.o(RESET) refers to stm32f10x_it.o(i.DMA2_Channel2_IRQHandler) for DMA2_Channel2_IRQHandler
    startup_stm32f10x_hd.o(.text) refers to system_stm32f10x.o(i.SystemInit) for SystemInit
    startup_stm32f10x_hd.o(.text) refers to entry.o(.ARM.Collect$$$$00000000) for __main
    main.o(i.main) refers to hw_config.o(i.Set_System) for Set_System
    main.o(i.main) refers to usart.o(i.TickInit) for TickInit
    main.o(i.main) refers to wtp_mux.o(i.MuxInit) for MuxInit
    main.o(i.main) refers to led.o(i.LED_Init) for LED_Init
    main.o(i.main) refers to at_app.o(i.Gpio_Init) for Gpio_Init
    main.o(i.main) refers to usart.o(i.USART2_DMA_Init) for USART2_DMA_Init
    main.o(i.main) refers to usart.o(i.DebugUartInit) for DebugUartInit
    main.o(i.main) refers to usart.o(i.NVIC_AllInit) for NVIC_AllInit
    main.o(i.main) refers to bds.o(i.BD_UartInit) for BD_UartInit
    main.o(i.main) refers to hw_config.o(i.Set_USBClock) for Set_USBClock
    main.o(i.main) refers to i2s_codec.o(i.I2S_DMA_Init_D) for I2S_DMA_Init_D
    main.o(i.main) refers to usb_init.o(i.USB_Init) for USB_Init
    main.o(i.main) refers to printf8.o(i.__0printf$8) for __2printf
    main.o(i.main) refers to delay.o(i.delay_ms) for delay_ms
    main.o(i.main) refers to stm32f10x_gpio.o(i.GPIO_SetBits) for GPIO_SetBits
    main.o(i.main) refers to at_app.o(i.PowerOnInit) for PowerOnInit
    main.o(i.main) refers to bds.o(i.BDS_SET_Pattern) for BDS_SET_Pattern
    main.o(i.main) refers to at_app.o(i.AT_ComHandle) for AT_ComHandle
    main.o(i.main) refers to wtp.o(i.TaskHandle) for TaskHandle
    main.o(i.main) refers to media_process.o(i.USB_RecData) for USB_RecData
    main.o(i.main) refers to bds.o(i.BDS_Handle) for BDS_Handle
    stm32f10x_it.o(i.BusFault_Handler) refers to printf8.o(i.__0printf$8) for __2printf
    stm32f10x_it.o(i.DMA1_Channel4_IRQHandler) refers to stm32f10x_dma.o(i.DMA_GetITStatus) for DMA_GetITStatus
    stm32f10x_it.o(i.DMA1_Channel4_IRQHandler) refers to stm32f10x_dma.o(i.DMA_ClearITPendingBit) for DMA_ClearITPendingBit
    stm32f10x_it.o(i.DMA1_Channel4_IRQHandler) refers to i2s_codec.o(.data) for I2S_DMA_BuffRec_NO
    stm32f10x_it.o(i.DMA1_Channel4_IRQHandler) refers to i2s_codec.o(.data) for I2S_DMA_BuffRec_OK
    stm32f10x_it.o(i.DMA1_Channel4_IRQHandler) refers to i2s_codec.o(.data) for I2S_DMA_Buff2Rec_OK
    stm32f10x_it.o(i.DMA1_Channel4_IRQHandler) refers to i2s_codec.o(.data) for I2S_DMA_Buff1Rec_OK
    stm32f10x_it.o(i.DMA1_Channel6_IRQHandler) refers to stm32f10x_dma.o(i.DMA_GetITStatus) for DMA_GetITStatus
    stm32f10x_it.o(i.DMA1_Channel6_IRQHandler) refers to stm32f10x_dma.o(i.DMA_Cmd) for DMA_Cmd
    stm32f10x_it.o(i.DMA1_Channel6_IRQHandler) refers to stm32f10x_dma.o(i.DMA_ClearITPendingBit) for DMA_ClearITPendingBit
    stm32f10x_it.o(i.DMA1_Channel6_IRQHandler) refers to usart.o(i.AT_MuxBuffHandler) for AT_MuxBuffHandler
    stm32f10x_it.o(i.DMA1_Channel6_IRQHandler) refers to usart.o(i.at_buffer_handler) for at_buffer_handler
    stm32f10x_it.o(i.DMA1_Channel6_IRQHandler) refers to at_app.o(.data) for MuxOpenFlag
[...]
    call_state_last                          0x20000003   Data           1  at_app.o(.data)
    voice_call_last                          0x20000004   Data           1  at_app.o(.data)
    .data                                    0x200001f8   Section        4  i2s_codec.o(.data)
    .data                                    0x200001fc   Section        4  i2s_codec.o(.data)
    .data                                    0x20000200   Section        4  i2s_codec.o(.data)
    .data                                    0x20000204   Section        4  i2s_codec.o(.data)
    .data                                    0x20000208   Section        1  i2s_codec.o(.data)
    .data                                    0x20000209   Section        1  i2s_codec.o(.data)
    .data                                    0x2000020a   Section        1  i2s_codec.o(.data)
    .data                                    0x2000020b   Section        1  i2s_codec.o(.data)
    .data                                    0x2000020c   Section        1  i2s_codec.o(.data)
    .data                                    0x2000020d   Section        1  i2s_codec.o(.data)
    .data                                    0x2000020e   Section        1  i2s_codec.o(.data)
    .data                                    0x20000210   Section       12  bds.o(.data)
    .data                                    0x2000021c   Section      532  wtp_mux.o(.data)
    .data                                    0x20000430   Section       20  stm32f10x_rcc.o(.data)
    ADCPrescTable                            0x20000430   Data           4  stm32f10x_rcc.o(.data)
    APBAHBPrescTable                         0x20000434   Data          16  stm32f10x_rcc.o(.data)
    .data                                    0x20000444   Section        1  hw_config.o(.data)
    .data                                    0x20000445   Section       26  usb_desc.o(.data)
    .data                                    0x20000460   Section       12  usb_endp.o(.data)
    flag                                     0x20000463   Data           1  usb_endp.o(.data)
    rev_count_tmp                            0x20000464   Data           2  usb_endp.o(.data)
    .data                                    0x2000046c   Section        4  usb_istr.o(.data)
    .data                                    0x20000470   Section       28  usb_istr.o(.data)
    .data                                    0x2000048c   Section       28  usb_istr.o(.data)
    .data                                    0x200004a8   Section        2  usb_prop.o(.data)
    .data                                    0x200004ac   Section      116  usb_prop.o(.data)
    .data                                    0x20000520   Section       36  usb_prop.o(.data)
    .data                                    0x20000544   Section        4  usb_pwr.o(.data)
    .data                                    0x20000548   Section        1  usb_pwr.o(.data)
    .data                                    0x20000549   Section        2  usb_pwr.o(.data)
    .data                                    0x2000054c   Section       16  usbio.o(.data)
    tmp                                      0x20000554   Data           4  usbio.o(.data)
    tmp                                      0x20000558   Data           4  usbio.o(.data)
    .data                                    0x2000055c   Section        4  usb_core.o(.data)
    .data                                    0x20000560   Section        1  usb_init.o(.data)
    .data                                    0x20000564   Section       12  usb_init.o(.data)
    .data                                    0x20000570   Section        2  usb_init.o(.data)
    .data                                    0x20000572   Section        4  usb_int.o(.data)
    .data                                    0x20000576   Section        2  usart.o(.data)
    .data                                    0x20000578   Section        2  usart.o(.data)
    .data                                    0x2000057c   Section        4  usart.o(.data)
    .data                                    0x20000580   Section       32  usart.o(.data)
    MuxState                                 0x20000582   Data           1  usart.o(.data)
    MuxBufIndex                              0x20000583   Data           1  usart.o(.data)
    num                                      0x20000584   Data           1  usart.o(.data)
    msm_flag                                 0x20000585   Data           1  usart.o(.data)
    lenth                                    0x20000586   Data           2  usart.o(.data)
    MuxBufCounter                            0x20000590   Data           4  usart.o(.data)
    .data                                    0x200005a0   Section        1  usart.o(.data)
    .data                                    0x200005a4   Section        4  usart.o(.data)
    .data                                    0x200005a8   Section        4  usart.o(.data)
    .data                                    0x200005ac   Section        4  mvars.o(.data)
    .data                                    0x200005b0   Section        4  mvars.o(.data)
    .bss                                     0x200005b4   Section     1292  wtp.o(.bss)
    .bss                                     0x20000ac0   Section       24  at_app.o(.bss)
    .bss                                     0x20000ad8   Section     3928  i2s_codec.o(.bss)
    .bss                                     0x20001a30   Section      670  bds.o(.bss)
    .bss                                     0x20001cd0   Section    10200  wtp_mux.o(.bss)
    .bss                                     0x200044a8   Section      356  usb_endp.o(.bss)
    .bss                                     0x2000460c   Section       28  usb_init.o(.bss)
    .bss                                     0x20004628   Section      300  usart.o(.bss)
    .bss                                     0x20004754   Section    13101  usart.o(.bss)
    .bss                                     0x20007a81   Section      501  usart.o(.bss)
    .bss                                     0x20007c76   Section     6000  usart.o(.bss)
    HEAP                                     0x200093e8   Section      512  startup_stm32f10x_hd.o(HEAP)
    STACK                                    0x200095e8   Section     1024  startup_stm32f10x_hd.o(STACK)

    Global Symbols

    Symbol Name                              Value     Ov Type        Size  Object(Section)

    BuildAttributes$$THM_ISAv4$P$D$K$B$S$PE$A:L22UL41UL21$X:L11$S22US41US21$IEEE1$IW$USESV6$~STKCKD$USESV7$~SHL$OSPACE$ROPI$EBA8$MICROLIB$REQ8$PRES8$EABIv2 0x00000000   Number         0  anon$$obj.o ABSOLUTE
    __ARM_use_no_argv                        0x00000000   Number         0  main.o ABSOLUTE
    __use_no_errno                           0x00000000   Number         0  useno.o ABSOLUTE
    __use_no_exception_handling              0x00000000   Number         0  useno.o ABSOLUTE
    __use_no_fp                              0x00000000   Number         0  useno.o ABSOLUTE
    __use_no_heap                            0x00000000   Number         0  useno.o ABSOLUTE
    __use_no_heap_region                     0x00000000   Number         0  useno.o ABSOLUTE
    __use_no_semihosting                     0x00000000   Number         0  useno.o ABSOLUTE
    __use_no_semihosting_swi                 0x00000000   Number         0  useno.o ABSOLUTE
    __use_no_signal_handling                 0x00000000   Number         0  useno.o ABSOLUTE
    _printf_a                                0x00000000   Number         0  stubs.o ABSOLUTE
    _printf_c                                0x00000000   Number         0  stubs.o ABSOLUTE
    _printf_charcount                        0x00000000   Number         0  stubs.o ABSOLUTE
    _printf_d                                0x00000000   Number         0  stubs.o ABSOLUTE
    _printf_e                                0x00000000   Number         0  stubs.o ABSOLUTE
    _printf_f                                0x00000000   Number         0  stubs.o ABSOLUTE
    _printf_flags                            0x00000000   Number         0  stubs.o ABSOLUTE
    _printf_fp_dec                           0x00000000   Number         0  stubs.o ABSOLUTE
    _printf_fp_hex                           0x00000000   Number         0  stubs.o ABSOLUTE
    _printf_g                                0x00000000   Number         0  stubs.o ABSOLUTE
    _printf_i                                0x00000000   Number         0  stubs.o ABSOLUTE
    _printf_int_dec                          0x00000000   Number         0  stubs.o ABSOLUTE
    _printf_l                                0x00000000   Number         0  stubs.o ABSOLUTE
    _printf_lc                               0x00000000   Number         0  stubs.o ABSOLUTE
    _printf_ll                               0x00000000   Number         0  stubs.o ABSOLUTE
    _printf_lld                              0x00000000   Number         0  stubs.o ABSOLUTE
    _printf_lli                              0x00000000   Number         0  stubs.o ABSOLUTE
    _printf_llo                              0x00000000   Number         0  stubs.o ABSOLUTE
    _printf_llu                              0x00000000   Number         0  stubs.o ABSOLUTE
    _printf_llx                              0x00000000   Number         0  stubs.o ABSOLUTE
    _printf_longlong_dec                     0x00000000   Number         0  stubs.o ABSOLUTE
    _printf_longlong_hex                     0x00000000   Number         0  stubs.o ABSOLUTE
    _printf_longlong_oct                     0x00000000   Number         0  stubs.o ABSOLUTE
    _printf_ls                               0x00000000   Number         0  stubs.o ABSOLUTE
    _printf_mbtowc                           0x00000000   Number         0  stubs.o ABSOLUTE
    _printf_n                                0x00000000   Number         0  stubs.o ABSOLUTE
    _printf_o                                0x00000000   Number         0  stubs.o ABSOLUTE
    _printf_p                                0x00000000   Number         0  stubs.o ABSOLUTE
    _printf_percent                          0x00000000   Number         0  stubs.o ABSOLUTE
    _printf_pre_padding                      0x00000000   Number         0  stubs.o ABSOLUTE
    _printf_return_value                     0x00000000   Number         0  stubs.o ABSOLUTE
    _printf_s                                0x00000000   Number         0  stubs.o ABSOLUTE
    _printf_sizespec                         0x00000000   Number         0  stubs.o ABSOLUTE
    _printf_str                              0x00000000   Number         0  stubs.o ABSOLUTE
    _printf_truncate_signed                  0x00000000   Number         0  stubs.o ABSOLUTE
    _printf_truncate_unsigned                0x00000000   Number         0  stubs.o ABSOLUTE
    _printf_u                                0x00000000   Number         0  stubs.o ABSOLUTE
    _printf_wc                               0x00000000   Number         0  stubs.o ABSOLUTE
    _printf_wctomb                           0x00000000   Number         0  stubs.o ABSOLUTE
    _printf_widthprec                        0x00000000   Number         0  stubs.o ABSOLUTE
    _printf_x                                0x00000000   Number         0  stubs.o ABSOLUTE
    __cpp_initialize__aeabi_                  - Undefined Weak Reference
    __cxa_finalize                            - Undefined Weak Reference
    _clock_init                               - Undefined Weak Reference
    _microlib_exit                            - Undefined Weak Reference
    __Vectors_Size                           0x00000130   Number         0  startup_stm32f10x_hd.o ABSOLUTE
    __Vectors                                0x08000000   Data           4  startup_stm32f10x_hd.o(RESET)
    __Vectors_End                            0x08000130   Data           0  startup_stm32f10x_hd.o(RESET)
    __main                                   0x08000131   Thumb Code     0  entry.o(.ARM.Collect$$$$00000000)
    _main_stk                                0x08000131   Thumb Code     0  entry2.o(.ARM.Collect$$$$00000001)
    _main_scatterload                        0x08000135   Thumb Code     0  entry5.o(.ARM.Collect$$$$00000004)
    __main_after_scatterload                 0x08000139   Thumb Code     0  entry5.o(.ARM.Collect$$$$00000004)
    _main_clock                              0x08000139   Thumb Code     0  entry7b.o(.ARM.Collect$$$$00000008)
    _main_cpp_init                           0x08000139   Thumb Code     0  entry8b.o(.ARM.Collect$$$$0000000A)
    _main_init                               0x08000139   Thumb Code     0  entry9a.o(.ARM.Collect$$$$0000000B)
    __rt_final_cpp                           0x08000141   Thumb Code     0  entry10a.o(.ARM.Collect$$$$0000000D)
    __rt_final_exit                          0x08000141   Thumb Code     0  entry11a.o(.ARM.Collect$$$$0000000F)
    Reset_Handler                            0x08000145   Thumb Code     8  startup_stm32f10x_hd.o(.text)
    ADC1_2_IRQHandler                        0x0800015f   Thumb Code     0  startup_stm32f10x_hd.o(.text)
    ADC3_IRQHandler                          0x0800015f   Thumb Code     0  startup_stm32f10x_hd.o(.text)
    CAN1_RX1_IRQHandler                      0x0800015f   Thumb Code     0  startup_stm32f10x_hd.o(.text)
    CAN1_SCE_IRQHandler                      0x0800015f   Thumb Code     0  startup_stm32f10x_hd.o(.text)
    DMA1_Channel1_IRQHandler                 0x0800015f   Thumb Code     0  startup_stm32f10x_hd.o(.text)
    DMA1_Channel2_IRQHandler                 0x0800015f   Thumb Code     0  startup_stm32f10x_hd.o(.text)
    DMA1_Channel3_IRQHandler                 0x0800015f   Thumb Code     0  startup_stm32f10x_hd.o(.text)
    DMA1_Channel5_IRQHandler                 0x0800015f   Thumb Code     0  startup_stm32f10x_hd.o(.text)
    DMA1_Channel7_IRQHandler                 0x0800015f   Thumb Code     0  startup_stm32f10x_hd.o(.text)
    DMA2_Channel1_IRQHandler                 0x0800015f   Thumb Code     0  startup_stm32f10x_hd.o(.text)
    DMA2_Channel3_IRQHandler                 0x0800015f   Thumb Code     0  startup_stm32f10x_hd.o(.text)
    DMA2_Channel4_5_IRQHandler               0x0800015f   Thumb Code     0  startup_stm32f10x_hd.o(.text)
    EXTI0_IRQHandler                         0x0800015f   Thumb Code     0  startup_stm32f10x_hd.o(.text)
    EXTI15_10_IRQHandler                     0x0800015f   Thumb Code     0  startup_stm32f10x_hd.o(.text)
    EXTI1_IRQHandler                         0x0800015f   Thumb Code     0  startup_stm32f10x_hd.o(.text)
    EXTI2_IRQHandler                         0x0800015f   Thumb Code     0  startup_stm32f10x_hd.o(.text)
    EXTI3_IRQHandler                         0x0800015f   Thumb Code     0  startup_stm32f10x_hd.o(.text)
    EXTI4_IRQHandler                         0x0800015f   Thumb Code     0  startup_stm32f10x_hd.o(.text)
    EXTI9_5_IRQHandler                       0x0800015f   Thumb Code     0  startup_stm32f10x_hd.o(.text)
    FLASH_IRQHandler                         0x0800015f   Thumb Code     0  startup_stm32f10x_hd.o(.text)
    FSMC_IRQHandler                          0x0800015f   Thumb Code     0  startup_stm32f10x_hd.o(.text)
    I2C1_ER_IRQHandler                       0x0800015f   Thumb Code     0  startup_stm32f10x_hd.o(.text)
    I2C1_EV_IRQHandler                       0x0800015f   Thumb Code     0  startup_stm32f10x_hd.o(.text)
    I2C2_ER_IRQHandler                       0x0800015f   Thumb Code     0  startup_stm32f10x_hd.o(.text)
    I2C2_EV_IRQHandler                       0x0800015f   Thumb Code     0  startup_stm32f10x_hd.o(.text)
    PVD_IRQHandler                           0x0800015f   Thumb Code     0  startup_stm32f10x_hd.o(.text)
    RCC_IRQHandler                           0x0800015f   Thumb Code     0  startup_stm32f10x_hd.o(.text)
    RTCAlarm_IRQHandler                      0x0800015f   Thumb Code     0  startup_stm32f10x_hd.o(.text)
    RTC_IRQHandler                           0x0800015f   Thumb Code     0  startup_stm32f10x_hd.o(.text)
    SDIO_IRQHandler                          0x0800015f   Thumb Code     0  startup_stm32f10x_hd.o(.text)
    SPI1_IRQHandler                          0x0800015f   Thumb Code     0  startup_stm32f10x_hd.o(.text)
    SPI2_IRQHandler                          0x0800015f   Thumb Code     0  startup_stm32f10x_hd.o(.text)
    SPI3_IRQHandler                          0x0800015f   Thumb Code     0  startup_stm32f10x_hd.o(.text)
    TAMPER_IRQHandler                        0x0800015f   Thumb Code     0  startup_stm32f10x_hd.o(.text)
    TIM1_BRK_IRQHandler                      0x0800015f   Thumb Code     0  startup_stm32f10x_hd.o(.text)
    TIM1_CC_IRQHandler                       0x0800015f   Thumb Code     0  startup_stm32f10x_hd.o(.text)
    TIM1_TRG_COM_IRQHandler                  0x0800015f   Thumb Code     0  startup_stm32f10x_hd.o(.text)
    TIM1_UP_IRQHandler                       0x0800015f   Thumb Code     0  startup_stm32f10x_hd.o(.text)
    TIM2_IRQHandler                          0x0800015f   Thumb Code     0  startup_stm32f10x_hd.o(.text)
    TIM3_IRQHandler                          0x0800015f   Thumb Code     0  startup_stm32f10x_hd.o(.text)
    TIM4_IRQHandler                          0x0800015f   Thumb Code     0  startup_stm32f10x_hd.o(.text)
    TIM5_IRQHandler                          0x0800015f   Thumb Code     0  startup_stm32f10x_hd.o(.text)
    TIM6_IRQHandler                          0x0800015f   Thumb Code     0  startup_stm32f10x_hd.o(.text)
    TIM7_IRQHandler                          0x0800015f   Thumb Code     0  startup_stm32f10x_hd.o(.text)
    TIM8_BRK_IRQHandler                      0x0800015f   Thumb Code     0  startup_stm32f10x_hd.o(.text)
    TIM8_CC_IRQHandler                       0x0800015f   Thumb Code     0  startup_stm32f10x_hd.o(.text)
    TIM8_TRG_COM_IRQHandler                  0x0800015f   Thumb Code     0  startup_stm32f10x_hd.o(.text)
    TIM8_UP_IRQHandler                       0x0800015f   Thumb Code     0  startup_stm32f10x_hd.o(.text)
    UART5_IRQHandler                         0x0800015f   Thumb Code     0  startup_stm32f10x_hd.o(.text)
    USART3_IRQHandler                        0x0800015f   Thumb Code     0  startup_stm32f10x_hd.o(.text)
    USBWakeUp_IRQHandler                     0x0800015f   Thumb Code     0  startup_stm32f10x_hd.o(.text)
    USB_HP_CAN1_TX_IRQHandler                0x0800015f   Thumb Code     0  startup_stm32f10x_hd.o(.text)
    WWDG_IRQHandler                          0x0800015f   Thumb Code     0  startup_stm32f10x_hd.o(.text)
    __aeabi_memcpy                           0x08000169   Thumb Code    36  memcpya.o(.text)
    __aeabi_memcpy4                          0x08000169   Thumb Code     0  memcpya.o(.text)
    __aeabi_memcpy8                          0x08000169   Thumb Code     0  memcpya.o(.text)
    __aeabi_memset                           0x0800018d   Thumb Code    14  memseta.o(.text)
    __aeabi_memset4                          0x0800018d   Thumb Code     0  memseta.o(.text)
    __aeabi_memset8                          0x0800018d   Thumb Code     0  memseta.o(.text)
    __aeabi_memclr                           0x0800019b   Thumb Code     4  memseta.o(.text)
    __aeabi_memclr4                          0x0800019b   Thumb Code     0  memseta.o(.text)
    __aeabi_memclr8                          0x0800019b   Thumb Code     0  memseta.o(.text)
    _memset$wrapper                          0x0800019f   Thumb Code    18  memseta.o(.text)
    strcat                                   0x080001b1   Thumb Code    24  strcat.o(.text)
    strstr                                   0x080001c9   Thumb Code    36  strstr.o(.text)
    strncpy                                  0x080001ed   Thumb Code    24  strncpy.o(.text)
    strlen                                   0x08000205   Thumb Code    14  strlen.o(.text)
    strcmp                                   0x08000213   Thumb Code    28  strcmp.o(.text)
    strncmp                                  0x0800022f   Thumb Code    30  strncmp.o(.text)
    __aeabi_uldivmod                         0x0800024d   Thumb Code    98  uldiv.o(.text)
    __scatterload                            0x080002b1   Thumb Code    28  init.o(.text)
    __scatterload_rt2                        0x080002b1   Thumb Code     0  init.o(.text)
    __aeabi_llsl                             0x080002d5   Thumb Code    30  llshl.o(.text)
    _ll_shift_l                              0x080002d5   Thumb Code     0  llshl.o(.text)
    __aeabi_llsr                             0x080002f3   Thumb Code    32  llushr.o(.text)
    _ll_ushift_r                             0x080002f3   Thumb Code     0  llushr.o(.text)
    __decompress                             0x08000313   Thumb Code     0  __dczerorl2.o(.text)
    __decompress1                            0x08000313   Thumb Code    92  __dczerorl2.o(.text)
    AT_ComHandle                             0x08000371   Thumb Code    54  at_app.o(i.AT_ComHandle)
    AT_Init                                  0x080003b5   Thumb Code   170  at_app.o(i.AT_Init)
    AT_MessageSend                           0x080004d5   Thumb Code   194  at_app.o(i.AT_MessageSend)
    AT_MuxBuffHandler                        0x08000615   Thumb Code   462  usart.o(i.AT_MuxBuffHandler)
    AT_RescueClose                           0x08000801   Thumb Code    78  at_app.o(i.AT_RescueClose)
    AT_RescueOpen                            0x080008a9   Thumb Code    78  at_app.o(i.AT_RescueOpen)
    AT_RescueSet                             0x08000951   Thumb Code   138  at_app.o(i.AT_RescueSet)
    AT_RescueSetArmy                         0x080009dd   Thumb Code   106  at_app.o(i.AT_RescueSetArmy)
    AT_RescueSetCount                        0x08000a89   Thumb Code   106  at_app.o(i.AT_RescueSetCount)
    AT_RescueSetFre                          0x08000b35   Thumb Code   134  at_app.o(i.AT_RescueSetFre)
    AT_RescueSetGain                         0x08000bf9   Thumb Code   106  at_app.o(i.AT_RescueSetGain)
    AT_RescueSetInterval                     0x08000ca5   Thumb Code   106  at_app.o(i.AT_RescueSetInterval)
    AT_RescueSetOffset                       0x08000d59   Thumb Code   106  at_app.o(i.AT_RescueSetOffset)
    AT_RescueStateSend                       0x08000e05   Thumb Code    72  at_app.o(i.AT_RescueStateSend)
    AT_SendComReq                            0x08000e95   Thumb Code    20  at_app.o(i.AT_SendComReq)
    AT_SendData                              0x08000ea9   Thumb Code     4  usart.o(i.AT_SendData)
    AT_SendDataMux                           0x08000ead   Thumb Code   166  wtp_mux.o(i.AT_SendDataMux)
    AT_SendDataReq                           0x08000f55   Thumb Code    96  at_app.o(i.AT_SendDataReq)
    AT_SendDataWithEnd                       0x08000ff1   Thumb Code     4  usart.o(i.AT_SendDataWithEnd)
    AT_VoiceCall                             0x08000ff5   Thumb Code   168  at_app.o(i.AT_VoiceCall)
    AT_VoiceHangup                           0x08001129   Thumb Code    96  at_app.o(i.AT_VoiceHangup)
    AT_VoiceReceive                          0x08001209   Thumb Code   100  at_app.o(i.AT_VoiceReceive)
    AddDetailInfo                            0x080012e9   Thumb Code    70  at_app.o(i.AddDetailInfo)
    BDS_ComSendWithEnd                       0x08001341   Thumb Code    20  bds.o(i.BDS_ComSendWithEnd)
    BDS_GET                                  0x08001359   Thumb Code   118  bds.o(i.BDS_GET)
    BDS_GET_Date                             0x08001435   Thumb Code   124  bds.o(i.BDS_GET_Date)
    BDS_GET_Direction                        0x080014b9   Thumb Code   124  bds.o(i.BDS_GET_Direction)
    BDS_GET_Height                           0x0800153d   Thumb Code   144  bds.o(i.BDS_GET_Height)
    BDS_GET_Location                         0x080015d5   Thumb Code   236  bds.o(i.BDS_GET_Location)
    BDS_GET_NumOfStl                         0x080016c9   Thumb Code   124  bds.o(i.BDS_GET_NumOfStl)
    BDS_GET_Speed                            0x0800174d   Thumb Code   124  bds.o(i.BDS_GET_Speed)
    BDS_GET_Time                             0x080017d1   Thumb Code   190  bds.o(i.BDS_GET_Time)
    BDS_Handle                               0x08001899   Thumb Code    40  bds.o(i.BDS_Handle)
    BDS_SET_Pattern                          0x08001901   Thumb Code    60  bds.o(i.BDS_SET_Pattern)
    BDS_touchuan_open                        0x08001959   Thumb Code   166  bds.o(i.BDS_touchuan_open)
    BD_ReceiveData                           0x08001a6d   Thumb Code    84  bds.o(i.BD_ReceiveData)
    BD_UartInit                              0x08001ad1   Thumb Code     4  bds.o(i.BD_UartInit)
    BusFault_Handler                         0x08001ad5   Thumb Code     8  stm32f10x_it.o(i.BusFault_Handler)
    ByteSwap                                 0x08001af1   Thumb Code    10  usb_regs.o(i.ByteSwap)
    CTR_LP                                   0x08001afd   Thumb Code   330  usb_int.o(i.CTR_LP)
    CallStateHandle                          0x08001c61   Thumb Code   144  at_app.o(i.CallStateHandle)
    ClearDTOG_RX                             0x08001d1d   Thumb Code    30  usb_regs.o(i.ClearDTOG_RX)
    ClearDTOG_TX                             0x08001d41   Thumb Code    30  usb_regs.o(i.ClearDTOG_TX)
    Clear_Status_Out                         0x08001d65   Thumb Code    24  usb_regs.o(i.Clear_Status_Out)
    CustomHID_Data_Setup                     0x08001d81   Thumb Code    74  usb_prop.o(i.CustomHID_Data_Setup)
    CustomHID_GetConfigDescriptor            0x08001ddd   Thumb Code     6  usb_prop.o(i.CustomHID_GetConfigDescriptor)
    CustomHID_GetDeviceDescriptor            0x08001de9   Thumb Code     6  usb_prop.o(i.CustomHID_GetDeviceDescriptor)
    CustomHID_GetHIDDescriptor               0x08001df5   Thumb Code     6  usb_prop.o(i.CustomHID_GetHIDDescriptor)
    CustomHID_GetProtocolValue               0x08001e01   Thumb Code    18  usb_prop.o(i.CustomHID_GetProtocolValue)
    CustomHID_GetReportDescriptor            0x08001e1d   Thumb Code     4  usb_prop.o(i.CustomHID_GetReportDescriptor)
    CustomHID_GetStringDescriptor            0x08001e21   Thumb Code    24  usb_prop.o(i.CustomHID_GetStringDescriptor)
    CustomHID_Get_Interface_Setting          0x08001e41   Thumb Code    10  usb_prop.o(i.CustomHID_Get_Interface_Setting)
    CustomHID_NoData_Setup                   0x08001e4d   Thumb Code    26  usb_prop.o(i.CustomHID_NoData_Setup)
    CustomHID_Reset                          0x08001e6d   Thumb Code   226  usb_prop.o(i.CustomHID_Reset)
    CustomHID_SetConfiguration               0x08001f61   Thumb Code    16  usb_prop.o(i.CustomHID_SetConfiguration)
    CustomHID_SetDeviceAddress               0x08001f79   Thumb Code     8  usb_prop.o(i.CustomHID_SetDeviceAddress)
    CustomHID_SetProtocol                    0x08001f85   Thumb Code    14  usb_prop.o(i.CustomHID_SetProtocol)
    CustomHID_Status_In                      0x08001f9d   Thumb Code     2  usb_prop.o(i.CustomHID_Status_In)
    CustomHID_Status_Out                     0x08001f9f   Thumb Code     2  usb_prop.o(i.CustomHID_Status_Out)
    CustomHID_init                           0x08001fa1   Thumb Code    28  usb_prop.o(i.CustomHID_init)
    DMA1_Channel4_IRQHandler                 0x08001fc5   Thumb Code    84  stm32f10x_it.o(i.DMA1_Channel4_IRQHandler)
    DMA1_Channel6_IRQHandler                 0x08002029   Thumb Code   188  stm32f10x_it.o(i.DMA1_Channel6_IRQHandler)
    DMA2_Channel2_IRQHandler                 0x080020f9   Thumb Code   138  stm32f10x_it.o(i.DMA2_Channel2_IRQHandler)
    DMA_ClearITPendingBit                    0x08002199   Thumb Code    16  stm32f10x_dma.o(i.DMA_ClearITPendingBit)
    DMA_Cmd                                  0x080021b1   Thumb Code    22  stm32f10x_dma.o(i.DMA_Cmd)
    DMA_DeInit                               0x080021c9   Thumb Code   218  stm32f10x_dma.o(i.DMA_DeInit)
    DMA_GetITStatus                          0x080022ad   Thumb Code    24  stm32f10x_dma.o(i.DMA_GetITStatus)
    DMA_ITConfig                             0x080022cd   Thumb Code    16  stm32f10x_dma.o(i.DMA_ITConfig)
    DMA_Init                                 0x080022dd   Thumb Code    58  stm32f10x_dma.o(i.DMA_Init)
    DSCI_Handler                             0x08002319   Thumb Code   104  at_app.o(i.DSCI_Handler)
    DebugComConvert                          0x08002695   Thumb Code   280  at_app.o(i.DebugComConvert)
    DebugMon_Handler                         0x08002845   Thumb Code     6  stm32f10x_it.o(i.DebugMon_Handler)
    DebugPrintData                           0x08002861   Thumb Code    38  usart.o(i.DebugPrintData)
    DebugUartInit                            0x08002895   Thumb Code     4  usart.o(i.DebugUartInit)
    EP1_IN_Callback                          0x08002899   Thumb Code     8  usb_endp.o(i.EP1_IN_Callback)
    EP1_OUT_Callback                         0x080028a5   Thumb Code     2  usb_endp.o(i.EP1_OUT_Callback)
    EP2_IN_Callback                          0x080028a9   Thumb Code     8  usb_endp.o(i.EP2_IN_Callback)
    EP2_OUT_Callback                         0x080028b5   Thumb Code   120  usb_endp.o(i.EP2_OUT_Callback)
    EP3_IN_Callback                          0x0800293d   Thumb Code     8  usb_endp.o(i.EP3_IN_Callback)
    EP3_OUT_Callback                         0x08002949   Thumb Code    42  usb_endp.o(i.EP3_OUT_Callback)
    Enter_LowPowerMode                       0x0800297d   Thumb Code     2  hw_config.o(i.Enter_LowPowerMode)
    FLASH_PrefetchBufferCmd                  0x08002981   Thumb Code    18  stm32f10x_flash.o(i.FLASH_PrefetchBufferCmd)
    FLASH_SetLatency                         0x08002999   Thumb Code    14  stm32f10x_flash.o(i.FLASH_SetLatency)
    GPIO_Init                                0x080029ad   Thumb Code   152  stm32f10x_gpio.o(i.GPIO_Init)
    GPIO_PinRemapConfig                      0x08002a45   Thumb Code    82  stm32f10x_gpio.o(i.GPIO_PinRemapConfig)
    GPIO_ReadOutputDataBit                   0x08002a9d   Thumb Code    14  stm32f10x_gpio.o(i.GPIO_ReadOutputDataBit)
    GPIO_ResetBits                           0x08002aab   Thumb Code     4  stm32f10x_gpio.o(i.GPIO_ResetBits)
    GPIO_SetBits                             0x08002aaf   Thumb Code     4  stm32f10x_gpio.o(i.GPIO_SetBits)
    GPIO_WriteBit                            0x08002ab3   Thumb Code    10  stm32f10x_gpio.o(i.GPIO_WriteBit)
    GetComma                                 0x08002abd   Thumb Code    82  bds.o(i.GetComma)
    GetEPRxAddr                              0x08002b11   Thumb Code    22  usb_regs.o(i.GetEPRxAddr)
    GetEPRxCount                             0x08002b31   Thumb Code    24  usb_regs.o(i.GetEPRxCount)
    GetEPTxAddr                              0x08002b51   Thumb Code    20  usb_regs.o(i.GetEPTxAddr)
    Get_SerialNum                            0x08002b6d   Thumb Code    44  hw_config.o(i.Get_SerialNum)
    Gpio_Init                                0x08002ba1   Thumb Code    92  at_app.o(i.Gpio_Init)
    HardFault_Handler                        0x08002c05   Thumb Code     8  stm32f10x_it.o(i.HardFault_Handler)
    I2S_Cmd                                  0x08002c19   Thumb Code    20  stm32f10x_spi.o(i.I2S_Cmd)
    I2S_Config                               0x08002c2d   Thumb Code   136  i2s_codec.o(i.I2S_Config)
    I2S_DMA_Init_D                           0x08002cbd   Thumb Code   348  i2s_codec.o(i.I2S_DMA_Init_D)
    I2S_Init                                 0x08002e3d   Thumb Code   150  stm32f10x_spi.o(i.I2S_Init)
    I2S_SendVoice                            0x08002ed5   Thumb Code    44  media_process.o(i.I2S_SendVoice)
    In0_Process                              0x08002f19   Thumb Code    80  usb_core.o(i.In0_Process)
    LED_Init                                 0x08002fad   Thumb Code    72  led.o(i.LED_Init)
    Leave_LowPowerMode                       0x08002ff9   Thumb Code     2  hw_config.o(i.Leave_LowPowerMode)
    MemManage_Handler                        0x08002ffd   Thumb Code     8  stm32f10x_it.o(i.MemManage_Handler)
    MuxFree                                  0x08003019   Thumb Code    10  wtp_mux.o(i.MuxFree)
    MuxInit                                  0x08003025   Thumb Code   176  wtp_mux.o(i.MuxInit)
    MuxMalloc                                0x080030e1   Thumb Code    20  wtp_mux.o(i.MuxMalloc)
    MuxMemCopy                               0x080030f5   Thumb Code     4  wtp_mux.o(i.MuxMemCopy)
    MuxMemSet                                0x080030f9   Thumb Code    10  wtp_mux.o(i.MuxMemSet)
    MuxStrncmp                               0x08003103   Thumb Code    10  wtp_mux.o(i.MuxStrncmp)
    NMI_Handler                              0x0800310d   Thumb Code     6  stm32f10x_it.o(i.NMI_Handler)
    NOP_Process                              0x0800311d   Thumb Code     2  usb_core.o(i.NOP_Process)
    NVIC_AllInit                             0x0800311f   Thumb Code   162  usart.o(i.NVIC_AllInit)
    NVIC_Init                                0x080031c1   Thumb Code    90  misc.o(i.NVIC_Init)
    NVIC_PriorityGroupConfig                 0x08003225   Thumb Code    10  misc.o(i.NVIC_PriorityGroupConfig)
    Out0_Process                             0x0800330d   Thumb Code    62  usb_core.o(i.Out0_Process)
    PMAToUserBufferCopy                      0x08003355   Thumb Code    26  usb_mem.o(i.PMAToUserBufferCopy)
    PendSV_Handler                           0x08003375   Thumb Code     6  stm32f10x_it.o(i.PendSV_Handler)
    Post0_Process                            0x08003391   Thumb Code    52  usb_core.o(i.Post0_Process)
    PowerOn                                  0x080033d5   Thumb Code    36  usb_pwr.o(i.PowerOn)
    PowerOnInit                              0x08003401   Thumb Code    66  at_app.o(i.PowerOnInit)
    PrintInfo                                0x08003485   Thumb Code    42  at_app.o(i.PrintInfo)
    RCC_AHBPeriphClockCmd                    0x080034bd   Thumb Code    18  stm32f10x_rcc.o(i.RCC_AHBPeriphClockCmd)
    RCC_APB1PeriphClockCmd                   0x080034d5   Thumb Code    18  stm32f10x_rcc.o(i.RCC_APB1PeriphClockCmd)
    RCC_APB1PeriphResetCmd                   0x080034ed   Thumb Code    18  stm32f10x_rcc.o(i.RCC_APB1PeriphResetCmd)
    RCC_APB2PeriphClockCmd                   0x08003505   Thumb Code    18  stm32f10x_rcc.o(i.RCC_APB2PeriphClockCmd)
    RCC_APB2PeriphResetCmd                   0x0800351d   Thumb Code    18  stm32f10x_rcc.o(i.RCC_APB2PeriphResetCmd)
    RCC_DeInit                               0x08003535   Thumb Code    50  stm32f10x_rcc.o(i.RCC_DeInit)
    RCC_GetClocksFreq                        0x08003575   Thumb Code   132  stm32f10x_rcc.o(i.RCC_GetClocksFreq)
    RCC_GetFlagStatus                        0x08003609   Thumb Code    42  stm32f10x_rcc.o(i.RCC_GetFlagStatus)
    RCC_GetSYSCLKSource                      0x08003639   Thumb Code    10  stm32f10x_rcc.o(i.RCC_GetSYSCLKSource)
    RCC_HCLKConfig                           0x08003649   Thumb Code    14  stm32f10x_rcc.o(i.RCC_HCLKConfig)
    RCC_HSEConfig                            0x0800365d   Thumb Code    48  stm32f10x_rcc.o(i.RCC_HSEConfig)
    RCC_PCLK1Config                          0x08003691   Thumb Code    14  stm32f10x_rcc.o(i.RCC_PCLK1Config)
    RCC_PCLK2Config                          0x080036a5   Thumb Code    16  stm32f10x_rcc.o(i.RCC_PCLK2Config)
    RCC_PLLCmd                               0x080036b9   Thumb Code     6  stm32f10x_rcc.o(i.RCC_PLLCmd)
    RCC_PLLConfig                            0x080036c5   Thumb Code    16  stm32f10x_rcc.o(i.RCC_PLLConfig)
    RCC_SYSCLKConfig                         0x080036d9   Thumb Code    14  stm32f10x_rcc.o(i.RCC_SYSCLKConfig)
    RCC_USBCLKConfig                         0x080036ed   Thumb Code     6  stm32f10x_rcc.o(i.RCC_USBCLKConfig)
    RCC_WaitForHSEStartUp                    0x080036f9   Thumb Code    44  stm32f10x_rcc.o(i.RCC_WaitForHSEStartUp)
    Resume                                   0x08003725   Thumb Code   116  usb_pwr.o(i.Resume)
    Resume_Init                              0x080037a1   Thumb Code    26  usb_pwr.o(i.Resume_Init)
    SPI_I2S_DMACmd                           0x080037c1   Thumb Code    16  stm32f10x_spi.o(i.SPI_I2S_DMACmd)
    SPI_I2S_DeInit                           0x080037d1   Thumb Code    72  stm32f10x_spi.o(i.SPI_I2S_DeInit)
    SVC_Handler                              0x08003825   Thumb Code     6  stm32f10x_it.o(i.SVC_Handler)
    SeekStr                                  0x0800383d   Thumb Code    98  at_app.o(i.SeekStr)
    SendCallState                            0x080038a1   Thumb Code    60  at_app.o(i.SendCallState)
    SenderCreateFcs                          0x080038e5   Thumb Code    32  wtp_mux.o(i.SenderCreateFcs)
    SetBTABLE                                0x08003909   Thumb Code    10  usb_regs.o(i.SetBTABLE)
    SetDeviceAddress                         0x08003919   Thumb Code    56  usb_core.o(i.SetDeviceAddress)
    SetEPRxAddr                              0x08003959   Thumb Code    24  usb_regs.o(i.SetEPRxAddr)
    SetEPRxCount                             0x08003979   Thumb Code    54  usb_regs.o(i.SetEPRxCount)
    SetEPRxStatus                            0x080039b9   Thumb Code    42  usb_regs.o(i.SetEPRxStatus)
    SetEPRxValid                             0x080039e9   Thumb Code    28  usb_regs.o(i.SetEPRxValid)
    SetEPTxAddr                              0x08003a09   Thumb Code    22  usb_regs.o(i.SetEPTxAddr)
    SetEPTxCount                             0x08003a29   Thumb Code    20  usb_regs.o(i.SetEPTxCount)
    SetEPTxStatus                            0x08003a45   Thumb Code    42  usb_regs.o(i.SetEPTxStatus)
    SetEPTxValid                             0x08003a75   Thumb Code    28  usb_regs.o(i.SetEPTxValid)
    SetEPType                                0x08003a95   Thumb Code    20  usb_regs.o(i.SetEPType)
    Set_System                               0x08003b55   Thumb Code   156  hw_config.o(i.Set_System)
    Set_USBClock                             0x08003bf9   Thumb Code    20  hw_config.o(i.Set_USBClock)
    Setup0_Process                           0x08003c0d   Thumb Code    92  usb_core.o(i.Setup0_Process)
    Standard_ClearFeature                    0x08003c75   Thumb Code   214  usb_core.o(i.Standard_ClearFeature)
    Standard_GetConfiguration                0x08003d61   Thumb Code    30  usb_core.o(i.Standard_GetConfiguration)
    Standard_GetDescriptorData               0x08003d89   Thumb Code    24  usb_core.o(i.Standard_GetDescriptorData)
    Standard_GetInterface                    0x08003da5   Thumb Code    30  usb_core.o(i.Standard_GetInterface)
    Standard_GetStatus                       0x08003dcd   Thumb Code   128  usb_core.o(i.Standard_GetStatus)
    Standard_SetConfiguration                0x08003e5d   Thumb Code    42  usb_core.o(i.Standard_SetConfiguration)
    Standard_SetDeviceFeature                0x08003e95   Thumb Code    26  usb_core.o(i.Standard_SetDeviceFeature)
    Standard_SetEndPointFeature              0x08003eb9   Thumb Code   112  usb_core.o(i.Standard_SetEndPointFeature)
    Standard_SetInterface                    0x08003f39   Thumb Code    60  usb_core.o(i.Standard_SetInterface)
    Suspend                                  0x08003f81   Thumb Code    26  usb_pwr.o(i.Suspend)
    SysTick_Handler                          0x08003fa1   Thumb Code    10  stm32f10x_it.o(i.SysTick_Handler)
    SystemInit                               0x08003fb1   Thumb Code    64  system_stm32f10x.o(i.SystemInit)
    TaskHandle                               0x08004001   Thumb Code   512  wtp.o(i.TaskHandle)
    TickInit                                 0x08004371   Thumb Code    26  usart.o(i.TickInit)
    UART4_IRQHandler                         0x08004391   Thumb Code    90  stm32f10x_it.o(i.UART4_IRQHandler)
    UART4_Init                               0x080043fd   Thumb Code   160  usart.o(i.UART4_Init)
    UART5_BD_Init                            0x080044a5   Thumb Code   126  bds.o(i.UART5_BD_Init)
    USART1_IRQHandler                        0x08004531   Thumb Code    90  stm32f10x_it.o(i.USART1_IRQHandler)
    USART2SendData                           0x0800459d   Thumb Code    94  usart.o(i.USART2SendData)
    USART2SendDataWithEnd                    0x08004609   Thumb Code   156  usart.o(i.USART2SendDataWithEnd)
    USART2_DMA_Init                          0x080046b1   Thumb Code   252  usart.o(i.USART2_DMA_Init)
    USART2_IRQHandler                        0x080047bd   Thumb Code   200  stm32f10x_it.o(i.USART2_IRQHandler)
    USART5SendStrWithEnd                     0x0800489d   Thumb Code    80  usart.o(i.USART5SendStrWithEnd)
    USART_Cmd                                0x080048f1   Thumb Code    20  stm32f10x_usart.o(i.USART_Cmd)
    USART_DMACmd                             0x08004905   Thumb Code    16  stm32f10x_usart.o(i.USART_DMACmd)
    USART_GetFlagStatus                      0x08004915   Thumb Code    14  stm32f10x_usart.o(i.USART_GetFlagStatus)
    USART_GetITStatus                        0x08004923   Thumb Code    62  stm32f10x_usart.o(i.USART_GetITStatus)
    USART_ITConfig                           0x08004961   Thumb Code    48  stm32f10x_usart.o(i.USART_ITConfig)
    USART_Init                               0x08004991   Thumb Code   176  stm32f10x_usart.o(i.USART_Init)
    USART_ReceiveData                        0x08004a45   Thumb Code     8  stm32f10x_usart.o(i.USART_ReceiveData)
    USART_SendData                           0x08004a4d   Thumb Code     8  stm32f10x_usart.o(i.USART_SendData)
    USB_Cable_Config                         0x08004a55   Thumb Code    20  hw_config.o(i.USB_Cable_Config)
    USB_EP1_Send                             0x08004a6d   Thumb Code   116  usbio.o(i.USB_EP1_Send)
    USB_EP2_Rec                              0x08004ae1   Thumb Code    52  usbio.o(i.USB_EP2_Rec)
    USB_EP3_Rec                              0x08004b1d   Thumb Code    52  usbio.o(i.USB_EP3_Rec)
    USB_EP3_Send                             0x08004b59   Thumb Code    40  usbio.o(i.USB_EP3_Send)
    USB_Init                                 0x08004b81   Thumb Code    22  usb_init.o(i.USB_Init)
    USB_Istr                                 0x08004ba9   Thumb Code   170  usb_istr.o(i.USB_Istr)
    USB_LP_CAN1_RX0_IRQHandler               0x08004c69   Thumb Code     4  stm32f10x_it.o(i.USB_LP_CAN1_RX0_IRQHandler)
    USB_RecData                              0x08004c6d   Thumb Code   128  media_process.o(i.USB_RecData)
    USB_SIL_Init                             0x08004dbd   Thumb Code    24  usb_sil.o(i.USB_SIL_Init)
    USB_SendCom                              0x08004ddd   Thumb Code    42  media_process.o(i.USB_SendCom)
    USB_SendMes                              0x08004e31   Thumb Code    62  media_process.o(i.USB_SendMes)
    USB_SendVoiceData                        0x08004e95   Thumb Code    52  media_process.o(i.USB_SendVoiceData)
    USB_VoiceSend1                           0x08004ecd   Thumb Code    70  media_process.o(i.USB_VoiceSend1)
    UnexpectedHandle                         0x08004f35   Thumb Code     8  at_app.o(i.UnexpectedHandle)
    UnsolicitedHandle                        0x08004f41   Thumb Code   394  at_app.o(i.UnsolicitedHandle)
    UsageFault_Handler                       0x080051fd   Thumb Code     8  stm32f10x_it.o(i.UsageFault_Handler)
    UserToPMABufferCopy                      0x0800521d   Thumb Code    34  usb_mem.o(i.UserToPMABufferCopy)
    WaitEp1InFlag                            0x08005245   Thumb Code    50  usbio.o(i.WaitEp1InFlag)
    WaitEp3InFlag                            0x0800529d   Thumb Code    60  usbio.o(i.WaitEp3InFlag)
    WaitForStr                               0x08005315   Thumb Code   168  at_app.o(i.WaitForStr)
    __0printf$8                              0x080053e9   Thumb Code    22  printf8.o(i.__0printf$8)
    __1printf$8                              0x080053e9   Thumb Code     0  printf8.o(i.__0printf$8)
    __2printf                                0x080053e9   Thumb Code     0  printf8.o(i.__0printf$8)
    __scatterload_copy                       0x08005409   Thumb Code    14  handlers.o(i.__scatterload_copy)
    __scatterload_null                       0x08005417   Thumb Code     2  handlers.o(i.__scatterload_null)
    __scatterload_zeroinit                   0x08005419   Thumb Code    14  handlers.o(i.__scatterload_zeroinit)
    at_buffer_handler                        0x08005889   Thumb Code   252  usart.o(i.at_buffer_handler)
    checkDLC                                 0x0800598d   Thumb Code   148  wtp_mux.o(i.checkDLC)
    delay_ms                                 0x08005a25   Thumb Code    24  delay.o(i.delay_ms)
    fputc                                    0x08005a45   Thumb Code    18  usart.o(i.fputc)
    free                                     0x08005a5d   Thumb Code    76  malloc.o(i.free)
    isSMSUnsolicited                         0x08005aad   Thumb Code    34  usart.o(i.isSMSUnsolicited)
    main                                     0x08005ad5   Thumb Code   114  main.o(i.main)
    malloc                                   0x08005b79   Thumb Code    92  malloc.o(i.malloc)
    myitoa                                   0x08005be5   Thumb Code    78  at_app.o(i.myitoa)
    strStartsWith                            0x08005c33   Thumb Code    34  usart.o(i.strStartsWith)
    crctable                                 0x08005e37   Data         256  wtp_mux.o(.constdata)
    CustomHID_DeviceDescriptor               0x08005f37   Data          18  usb_desc.o(.constdata)
    CustomHID_ConfigDescriptor               0x08005f49   Data          46  usb_desc.o(.constdata)
    CustomHID_StringLangID                   0x08005f77   Data           4  usb_desc.o(.constdata)
    CustomHID_StringVendor                   0x08005f7b   Data          20  usb_desc.o(.constdata)
    CustomHID_StringProduct                  0x08005f8f   Data          26  usb_desc.o(.constdata)
    MASS_StringInterface                     0x08005fa9   Data          16  usb_desc.o(.constdata)
    Region$$Table$$Base                      0x08006570   Number         0  anon$$obj.o(Region$$Table)
    Region$$Table$$Limit                     0x08006590   Number         0  anon$$obj.o(Region$$Table)
    MuxOpenFlag                              0x20000000   Data           1  at_app.o(.data)
    AT_OpenInitState                         0x20000001   Data           1  at_app.o(.data)
    AT_OpenSucceed                           0x20000002   Data           1  at_app.o(.data)
    SysTime                                  0x20000008   Data           4  at_app.o(.data)
    TimeTemp                                 0x2000000c   Data           4  at_app.o(.data)
    s_VoiceReceiveATA                        0x20000010   Data           8  at_app.o(.data)
    OpenCommandSend                          0x20000018   Data         116  at_app.o(.data)
    s_smsStartOfResponse                     0x2000008c   Data          24  at_app.o(.data)
    s_smsEndOfResponse                       0x200000a4   Data          24  at_app.o(.data)
    s_RescueSend                             0x200000bc   Data          32  at_app.o(.data)
    s_VoiceCall                              0x200000dc   Data          32  at_app.o(.data)
    s_VoiceHungup                            0x200000fc   Data          24  at_app.o(.data)
    s_RescueTestSend                         0x20000114   Data          28  at_app.o(.data)
    s_RescueMesSend                          0x20000130   Data          32  at_app.o(.data)
    s_RescueSetFre                           0x20000150   Data          28  at_app.o(.data)
    s_RescueSetGain                          0x2000016c   Data          28  at_app.o(.data)
    s_RescueSetCount                         0x20000188   Data          28  at_app.o(.data)
    s_RescueSetInterval                      0x200001a4   Data          28  at_app.o(.data)
    s_RescueSetArmy                          0x200001c0   Data          28  at_app.o(.data)
    s_RescueSetOffset                        0x200001dc   Data          28  at_app.o(.data)
    I2S_DMA_BufferRec1                       0x200001f8   Data           4  i2s_codec.o(.data)
    I2S_DMA_BufferRec2                       0x200001fc   Data           4  i2s_codec.o(.data)
    I2S_DMA_BufferSend1                      0x20000200   Data           4  i2s_codec.o(.data)
    I2S_DMA_BufferSend2                      0x20000204   Data           4  i2s_codec.o(.data)
    I2S_DMA_BuffRec_NO                       0x20000208   Data           1  i2s_codec.o(.data)
    I2S_DMA_BuffRec_OK                       0x20000209   Data           1  i2s_codec.o(.data)
    I2S_DMA_Buff1Rec_OK                      0x2000020a   Data           1  i2s_codec.o(.data)
    I2S_DMA_Buff2Rec_OK                      0x2000020b   Data           1  i2s_codec.o(.data)
    I2S_DMA_BuffSend_NO                      0x2000020c   Data           1  i2s_codec.o(.data)
    I2S_DMA_Buff1Send_OK                     0x2000020d   Data           1  i2s_codec.o(.data)
    I2S_DMA_Buff2Send_OK                     0x2000020e   Data           1  i2s_codec.o(.data)
    BDS_TouchuanFlag                         0x20000210   Data           1  bds.o(.data)
    BDtimeflag                               0x20000214   Data           4  bds.o(.data)
    BD_datanum                               0x20000218   Data           4  bds.o(.data)
    receivelen                               0x2000021c   Data           4  wtp_mux.o(.data)
    pTmpFrame                                0x20000220   Data           4  wtp_mux.o(.data)
    pFrameData                               0x20000224   Data           4  wtp_mux.o(.data)
    message1                                 0x20000228   Data           4  wtp_mux.o(.data)
    message2                                 0x2000022c   Data           4  wtp_mux.o(.data)
    message3                                 0x20000230   Data           4  wtp_mux.o(.data)
    AT_TABLE                                 0x20000234   Data         508  wtp_mux.o(.data)
    HSEStartUpStatus                         0x20000444   Data           1  hw_config.o(.data)
    CustomHID_StringSerial                   0x20000445   Data          26  usb_desc.o(.data)
    Endp1InFlag                              0x20000460   Data           1  usb_endp.o(.data)
    Endp2InFlag                              0x20000461   Data           1  usb_endp.o(.data)
    Endp3InFlag                              0x20000462   Data           1  usb_endp.o(.data)
    USB_RevTmp                               0x20000468   Data           4  usb_endp.o(.data)
    bIntPackSOF                              0x2000046c   Data           1  usb_istr.o(.data)
    wIstr                                    0x2000046e   Data           2  usb_istr.o(.data)
    pEpInt_IN                                0x20000470   Data          28  usb_istr.o(.data)
    pEpInt_OUT                               0x2000048c   Data          28  usb_istr.o(.data)
    Device_Table                             0x200004a8   Data           2  usb_prop.o(.data)
    ProtocolValue                            0x200004ac   Data           4  usb_prop.o(.data)
    Device_Descriptor                        0x200004b0   Data           8  usb_prop.o(.data)
    Config_Descriptor                        0x200004b8   Data           8  usb_prop.o(.data)
    CustomHID_Descriptor                     0x200004c0   Data           8  usb_prop.o(.data)
    Device_Property                          0x200004c8   Data          48  usb_prop.o(.data)
    String_Descriptor                        0x200004f8   Data          40  usb_prop.o(.data)
    User_Standard_Requests                   0x20000520   Data          36  usb_prop.o(.data)
    bDeviceState                             0x20000544   Data           4  usb_pwr.o(.data)
    fSuspendEnabled                          0x20000548   Data           1  usb_pwr.o(.data)
    ResumeS                                  0x20000549   Data           2  usb_pwr.o(.data)
    EP2_RevFlag                              0x2000054c   Data           1  usbio.o(.data)
    EP3_RevFlag                              0x2000054d   Data           1  usbio.o(.data)
    EP3_RevNum                               0x2000054e   Data           2  usbio.o(.data)
    EP2_RevNum                               0x20000550   Data           2  usbio.o(.data)
    Data_Mul_MaxPacketSize                   0x2000055c   Data           1  usb_core.o(.data)
    StatusInfo                               0x2000055e   Data           2  usb_core.o(.data)
    EPindex                                  0x20000560   Data           1  usb_init.o(.data)
    pInformation                             0x20000564   Data           4  usb_init.o(.data)
    pProperty                                0x20000568   Data           4  usb_init.o(.data)
    pUser_Standard_Requests                  0x2000056c   Data           4  usb_init.o(.data)
    wInterrupt_Mask                          0x20000570   Data           2  usb_init.o(.data)
    SaveRState                               0x20000572   Data           2  usb_int.o(.data)
    SaveTState                               0x20000574   Data           2  usb_int.o(.data)
    UartDebug_Cnt                            0x20000576   Data           2  usart.o(.data)
    BuffIndex                                0x20000578   Data           2  usart.o(.data)
    ComBufIndexStart                         0x2000057c   Data           4  usart.o(.data)
    readBuf_Flag                             0x20000580   Data           1  usart.o(.data)
    readSms_Flag                             0x20000581   Data           1  usart.o(.data)
    ComBufIndexEnd                           0x20000588   Data           4  usart.o(.data)
    lenAtRspFirst                            0x2000058c   Data           4  usart.o(.data)
    s_smsUnsoliciteds                        0x20000594   Data          12  usart.o(.data)
    VoiceCallFlag                            0x200005a0   Data           1  usart.o(.data)
    ResponseBufIndex                         0x200005a4   Data           4  usart.o(.data)
    __stdout                                 0x200005a8   Data           4  usart.o(.data)
    __microlib_freelist                      0x200005ac   Data           4  mvars.o(.data)
    __microlib_freelist_initialised          0x200005b0   Data           4  mvars.o(.data)
    USB_DataRec                              0x200005b4   Data         646  wtp.o(.bss)
    USB_DataSend                             0x2000083a   Data         646  wtp.o(.bss)
    VoiceHandle                              0x20000ac0   Data          24  at_app.o(.bss)
    I2S_DMA_DoubleBufferSend                 0x20000ad8   Data        1280  i2s_codec.o(.bss)
    I2S_DMA_DoubleBufferRec                  0x20000fd8   Data        1280  i2s_codec.o(.bss)
    I2S_DMA_BuffSend2                        0x200014d8   Data         640  i2s_codec.o(.bss)
    I2S_DMA_BuffRec2                         0x20001758   Data         640  i2s_codec.o(.bss)
    DMA2_InitStructure                       0x200019d8   Data          44  i2s_codec.o(.bss)
    DMA1_InitStructure                       0x20001a04   Data          44  i2s_codec.o(.bss)
    BDdata                                   0x20001a30   Data          30  bds.o(.bss)
    SendBuff                                 0x20001a4e   Data         640  bds.o(.bss)
    g_MuxDlcMng                              0x20001cd0   Data        8420  wtp_mux.o(.bss)
    g_MuxFrameMng                            0x20003db4   Data          48  wtp_mux.o(.bss)
    g_MuxRetranBuffer                        0x20003de4   Data          66  wtp_mux.o(.bss)
    g_UartBuffer                             0x20003e26   Data          66  wtp_mux.o(.bss)
    receivebuffer                            0x20003e68   Data        1600  wtp_mux.o(.bss)
    USB_EP2_Receive_Buffer                   0x200044a8   Data         256  usb_endp.o(.bss)
    USB_EP3_Receive_Buffer                   0x200045a8   Data         100  usb_endp.o(.bss)
    Device_Info                              0x2000460c   Data          28  usb_init.o(.bss)
    UartDebug_R_Buf                          0x20004628   Data         300  usart.o(.bss)
    readBufFirst_TTL                         0x20004754   Data         600  usart.o(.bss)
    RecBuff_1                                0x200049ac   Data         501  usart.o(.bss)
    ComBuf                                   0x20004ba1   Data       12000  usart.o(.bss)
    RecBuff_2                                0x20007a81   Data         501  usart.o(.bss)
    ResponseBuff                             0x20007c76   Data        6000  usart.o(.bss)
    __heap_base                              0x200093e8   Data           0  startup_stm32f10x_hd.o(HEAP)
    __heap_limit                             0x200095e8   Data           0  startup_stm32f10x_hd.o(HEAP)
    __initial_sp                             0x200099e8   Data           0  startup_stm32f10x_hd.o(STACK)



==============================================================================

Memory Map of the image

  Image Entry point : 0x08000131

  Load Region LR_IROM1 (Base: 0x08000000, Size: 0x00006b44, Max: 0x00080000, ABSOLUTE, COMPRESSED[0x00006888])

    Execution Region ER_IROM1 (Base: 0x08000000, Size: 0x00006590, Max: 0x00080000, ABSOLUTE)

    Base Addr    Size         Type   Attr      Idx    E Section Name        Object

    0x08000000   0x00000130   Data   RO            3    RESET               startup_stm32f10x_hd.o
    0x08000130   0x00000000   Code   RO         4008  * .ARM.Collect$$$$00000000  mc_w.l(entry.o)
    0x08000130   0x00000004   Code   RO         4318    .ARM.Collect$$$$00000001  mc_w.l(entry2.o)
    0x08000134   0x00000004   Code   RO         4321    .ARM.Collect$$$$00000004  mc_w.l(entry5.o)
    0x08000138   0x00000000   Code   RO         4323    .ARM.Collect$$$$00000008  mc_w.l(entry7b.o)
    0x08000138   0x00000000   Code   RO         4325    .ARM.Collect$$$$0000000A  mc_w.l(entry8b.o)
    0x08000138   0x00000008   Code   RO         4326    .ARM.Collect$$$$0000000B  mc_w.l(entry9a.o)
    0x08000140   0x00000000   Code   RO         4328    .ARM.Collect$$$$0000000D  mc_w.l(entry10a.o)
    0x08000140   0x00000000   Code   RO         4330    .ARM.Collect$$$$0000000F  mc_w.l(entry11a.o)
    0x08000140   0x00000004   Code   RO         4319    .ARM.Collect$$$$00002712  mc_w.l(entry2.o)
    0x08000144   0x00000024   Code   RO            4    .text               startup_stm32f10x_hd.o
    0x08000168   0x00000024   Code   RO         4011    .text               mc_w.l(memcpya.o)
    0x0800018c   0x00000024   Code   RO         4013    .text               mc_w.l(memseta.o)
    0x080001b0   0x00000018   Code   RO         4015    .text               mc_w.l(strcat.o)
    0x080001c8   0x00000024   Code   RO         4017    .text               mc_w.l(strstr.o)
    0x080001ec   0x00000018   Code   RO         4019    .text               mc_w.l(strncpy.o)
    0x08000204   0x0000000e   Code   RO         4021    .text               mc_w.l(strlen.o)
    0x08000212   0x0000001c   Code   RO         4023    .text               mc_w.l(strcmp.o)
    0x0800022e   0x0000001e   Code   RO         4025    .text               mc_w.l(strncmp.o)
    0x0800024c   0x00000062   Code   RO         4334    .text               mc_w.l(uldiv.o)
    0x080002ae   0x00000002   PAD
    0x080002b0   0x00000024   Code   RO         4349    .text               mc_w.l(init.o)
    0x080002d4   0x0000001e   Code   RO         4351    .text               mc_w.l(llshl.o)
    0x080002f2   0x00000020   Code   RO         4353    .text               mc_w.l(llushr.o)
    0x08000312   0x0000005c   Code   RO         4367    .text               mc_w.l(__dczerorl2.o)
    0x0800036e   0x00000002   PAD
    0x08000370   0x00000044   Code   RO          304    i.AT_ComHandle      at_app.o
    0x080003b4   0x00000120   Code   RO          305    i.AT_Init           at_app.o
    0x080004d4   0x00000140   Code   RO          306    i.AT_MessageSend    at_app.o
    0x08000614   0x000001ec   Code   RO         3841    i.AT_MuxBuffHandler  usart.o
    0x08000800   0x000000a8   Code   RO          311    i.AT_RescueClose    at_app.o
    0x080008a8   0x000000a8   Code   RO          313    i.AT_RescueOpen     at_app.o
    0x08000950   0x0000008a   Code   RO          314    i.AT_RescueSet      at_app.o
    0x080009da   0x00000002   PAD
    0x080009dc   0x000000ac   Code   RO          315    i.AT_RescueSetArmy  at_app.o
    0x08000a88   0x000000ac   Code   RO          316    i.AT_RescueSetCount  at_app.o
    0x08000b34   0x000000c4   Code   RO          317    i.AT_RescueSetFre   at_app.o
    0x08000bf8   0x000000ac   Code   RO          318    i.AT_RescueSetGain  at_app.o
    0x08000ca4   0x000000b4   Code   RO          319    i.AT_RescueSetInterval  at_app.o
    0x08000d58   0x000000ac   Code   RO          320    i.AT_RescueSetOffset  at_app.o
    0x08000e04   0x00000090   Code   RO          321    i.AT_RescueStateSend  at_app.o
    0x08000e94   0x00000014   Code   RO          324    i.AT_SendComReq     at_app.o
    0x08000ea8   0x00000004   Code   RO         3842    i.AT_SendData       usart.o
    0x08000eac   0x000000a6   Code   RO          850    i.AT_SendDataMux    wtp_mux.o
    0x08000f52   0x00000002   PAD
    0x08000f54   0x0000009c   Code   RO          325    i.AT_SendDataReq    at_app.o
    0x08000ff0   0x00000004   Code   RO         3843    i.AT_SendDataWithEnd  usart.o
    0x08000ff4   0x00000134   Code   RO          326    i.AT_VoiceCall      at_app.o
    0x08001128   0x000000e0   Code   RO          327    i.AT_VoiceHangup    at_app.o
    0x08001208   0x000000e0   Code   RO          328    i.AT_VoiceReceive   at_app.o
    0x080012e8   0x00000058   Code   RO          329    i.AddDetailInfo     at_app.o
    0x08001340   0x00000018   Code   RO          698    i.BDS_ComSendWithEnd  bds.o
    0x08001358   0x000000dc   Code   RO          699    i.BDS_GET           bds.o
    0x08001434   0x00000084   Code   RO          700    i.BDS_GET_Date      bds.o
    0x080014b8   0x00000084   Code   RO          701    i.BDS_GET_Direction  bds.o
    0x0800153c   0x00000098   Code   RO          702    i.BDS_GET_Height    bds.o
    0x080015d4   0x000000f4   Code   RO          703    i.BDS_GET_Location  bds.o
    0x080016c8   0x00000084   Code   RO          704    i.BDS_GET_NumOfStl  bds.o
    0x0800174c   0x00000084   Code   RO          705    i.BDS_GET_Speed     bds.o
    0x080017d0   0x000000c8   Code   RO          706    i.BDS_GET_Time      bds.o
    0x08001898   0x00000068   Code   RO          707    i.BDS_Handle        bds.o
    0x08001900   0x00000058   Code   RO          708    i.BDS_SET_Pattern   bds.o
    0x08001958   0x00000114   Code   RO          712    i.BDS_touchuan_open  bds.o
    0x08001a6c   0x00000064   Code   RO          713    i.BD_ReceiveData    bds.o
    0x08001ad0   0x00000004   Code   RO          714    i.BD_UartInit       bds.o
    0x08001ad4   0x0000001c   Code   RO          178    i.BusFault_Handler  stm32f10x_it.o
    0x08001af0   0x0000000a   Code   RO         3411    i.ByteSwap          usb_regs.o
    0x08001afa   0x00000002   PAD
    0x08001afc   0x00000164   Code   RO         3364    i.CTR_LP            usb_int.o
    0x08001c60   0x000000bc   Code   RO          330    i.CallStateHandle   at_app.o
    0x08001d1c   0x00000024   Code   RO         3412    i.ClearDTOG_RX      usb_regs.o
    0x08001d40   0x00000024   Code   RO         3413    i.ClearDTOG_TX      usb_regs.o
    0x08001d64   0x0000001c   Code   RO         3418    i.Clear_Status_Out  usb_regs.o
    0x08001d80   0x0000005c   Code   RO         3000    i.CustomHID_Data_Setup  usb_prop.o
    0x08001ddc   0x0000000c   Code   RO         3001    i.CustomHID_GetConfigDescriptor  usb_prop.o
    0x08001de8   0x0000000c   Code   RO         3002    i.CustomHID_GetDeviceDescriptor  usb_prop.o
    0x08001df4   0x0000000c   Code   RO         3003    i.CustomHID_GetHIDDescriptor  usb_prop.o
    0x08001e00   0x0000001c   Code   RO         3004    i.CustomHID_GetProtocolValue  usb_prop.o
    0x08001e1c   0x00000004   Code   RO         3005    i.CustomHID_GetReportDescriptor  usb_prop.o
    0x08001e20   0x00000020   Code   RO         3006    i.CustomHID_GetStringDescriptor  usb_prop.o
    0x08001e40   0x0000000a   Code   RO         3007    i.CustomHID_Get_Interface_Setting  usb_prop.o
    0x08001e4a   0x00000002   PAD
    0x08001e4c   0x00000020   Code   RO         3008    i.CustomHID_NoData_Setup  usb_prop.o
    0x08001e6c   0x000000f4   Code   RO         3009    i.CustomHID_Reset   usb_prop.o
    0x08001f60   0x00000018   Code   RO         3010    i.CustomHID_SetConfiguration  usb_prop.o
    0x08001f78   0x0000000c   Code   RO         3011    i.CustomHID_SetDeviceAddress  usb_prop.o
    0x08001f84   0x00000018   Code   RO         3012    i.CustomHID_SetProtocol  usb_prop.o
    0x08001f9c   0x00000002   Code   RO         3013    i.CustomHID_Status_In  usb_prop.o
    0x08001f9e   0x00000002   Code   RO         3014    i.CustomHID_Status_Out  usb_prop.o
    0x08001fa0   0x00000024   Code   RO         3015    i.CustomHID_init    usb_prop.o
    0x08001fc4   0x00000064   Code   RO          179    i.DMA1_Channel4_IRQHandler  stm32f10x_it.o
    0x08002028   0x000000d0   Code   RO          180    i.DMA1_Channel6_IRQHandler  stm32f10x_it.o
    0x080020f8   0x000000a0   Code   RO          181    i.DMA2_Channel2_IRQHandler  stm32f10x_it.o
    0x08002198   0x00000018   Code   RO         1336    i.DMA_ClearITPendingBit  stm32f10x_dma.o
    0x080021b0   0x00000016   Code   RO         1337    i.DMA_Cmd           stm32f10x_dma.o
    0x080021c6   0x00000002   PAD
    0x080021c8   0x000000e4   Code   RO         1338    i.DMA_DeInit        stm32f10x_dma.o
    0x080022ac   0x00000020   Code   RO         1341    i.DMA_GetITStatus   stm32f10x_dma.o
    0x080022cc   0x00000010   Code   RO         1342    i.DMA_ITConfig      stm32f10x_dma.o
    0x080022dc   0x0000003a   Code   RO         1343    i.DMA_Init          stm32f10x_dma.o
    0x08002316   0x00000002   PAD
    0x08002318   0x0000008c   Code   RO          331    i.DSCI_Handler      at_app.o
    0x080023a4   0x000000b4   Code   RO         3218    i.DataStageIn       usb_core.o
    0x08002458   0x000000a4   Code   RO         3219    i.DataStageOut      usb_core.o
    0x080024fc   0x00000198   Code   RO         3220    i.Data_Setup0       usb_core.o
    0x08002694   0x000001b0   Code   RO          332    i.DebugComConvert   at_app.o
    0x08002844   0x0000001c   Code   RO          182    i.DebugMon_Handler  stm32f10x_it.o
    0x08002860   0x00000034   Code   RO         3845    i.DebugPrintData    usart.o
    0x08002894   0x00000004   Code   RO         3846    i.DebugUartInit     usart.o
    0x08002898   0x0000000c   Code   RO         2923    i.EP1_IN_Callback   usb_endp.o
    0x080028a4   0x00000002   Code   RO         2924    i.EP1_OUT_Callback  usb_endp.o
    0x080028a6   0x00000002   PAD
    0x080028a8   0x0000000c   Code   RO         2925    i.EP2_IN_Callback   usb_endp.o
    0x080028b4   0x00000088   Code   RO         2926    i.EP2_OUT_Callback  usb_endp.o
    0x0800293c   0x0000000c   Code   RO         2927    i.EP3_IN_Callback   usb_endp.o
    0x08002948   0x00000034   Code   RO         2928    i.EP3_OUT_Callback  usb_endp.o
    0x0800297c   0x00000002   Code   RO         2804    i.Enter_LowPowerMode  hw_config.o
    0x0800297e   0x00000002   PAD
    0x08002980   0x00000018   Code   RO         1478    i.FLASH_PrefetchBufferCmd  stm32f10x_flash.o
    0x08002998   0x00000014   Code   RO         1483    i.FLASH_SetLatency  stm32f10x_flash.o
    0x080029ac   0x00000098   Code   RO         1639    i.GPIO_Init         stm32f10x_gpio.o
    0x08002a44   0x00000058   Code   RO         1641    i.GPIO_PinRemapConfig  stm32f10x_gpio.o
    0x08002a9c   0x0000000e   Code   RO         1645    i.GPIO_ReadOutputDataBit  stm32f10x_gpio.o
    0x08002aaa   0x00000004   Code   RO         1646    i.GPIO_ResetBits    stm32f10x_gpio.o
    0x08002aae   0x00000004   Code   RO         1647    i.GPIO_SetBits      stm32f10x_gpio.o
    0x08002ab2   0x0000000a   Code   RO         1650    i.GPIO_WriteBit     stm32f10x_gpio.o
    0x08002abc   0x00000052   Code   RO          715    i.GetComma          bds.o
    0x08002b0e   0x00000002   PAD
    0x08002b10   0x00000020   Code   RO         3430    i.GetEPRxAddr       usb_regs.o
    0x08002b30   0x00000020   Code   RO         3431    i.GetEPRxCount      usb_regs.o
    0x08002b50   0x0000001c   Code   RO         3433    i.GetEPTxAddr       usb_regs.o
    0x08002b6c   0x00000034   Code   RO         2806    i.Get_SerialNum     hw_config.o
    0x08002ba0   0x00000064   Code   RO          333    i.Gpio_Init         at_app.o
    0x08002c04   0x00000014   Code   RO          183    i.HardFault_Handler  stm32f10x_it.o
    0x08002c18   0x00000014   Code   RO         2660    i.I2S_Cmd           stm32f10x_spi.o
    0x08002c2c   0x00000090   Code   RO          555    i.I2S_Config        i2s_codec.o
    0x08002cbc   0x00000180   Code   RO          558    i.I2S_DMA_Init_D    i2s_codec.o
    0x08002e3c   0x00000096   Code   RO         2661    i.I2S_Init          stm32f10x_spi.o
    0x08002ed2   0x00000002   PAD
    0x08002ed4   0x00000044   Code   RO          632    i.I2S_SendVoice     media_process.o
    0x08002f18   0x0000005c   Code   RO         3221    i.In0_Process       usb_core.o
    0x08002f74   0x00000036   Code   RO         2807    i.IntToUnicode      hw_config.o
    0x08002faa   0x00000002   PAD
    0x08002fac   0x0000004c   Code   RO          838    i.LED_Init          led.o
    0x08002ff8   0x00000002   Code   RO         2808    i.Leave_LowPowerMode  hw_config.o
    0x08002ffa   0x00000002   PAD
    0x08002ffc   0x0000001c   Code   RO          184    i.MemManage_Handler  stm32f10x_it.o
    0x08003018   0x0000000a   Code   RO          853    i.MuxFree           wtp_mux.o
    0x08003022   0x00000002   PAD
    0x08003024   0x000000bc   Code   RO          854    i.MuxInit           wtp_mux.o
    0x080030e0   0x00000014   Code   RO          855    i.MuxMalloc         wtp_mux.o
    0x080030f4   0x00000004   Code   RO          856    i.MuxMemCopy        wtp_mux.o
    0x080030f8   0x0000000a   Code   RO          857    i.MuxMemSet         wtp_mux.o
    0x08003102   0x0000000a   Code   RO          858    i.MuxStrncmp        wtp_mux.o
    0x0800310c   0x00000010   Code   RO          185    i.NMI_Handler       stm32f10x_it.o
    0x0800311c   0x00000002   Code   RO         3222    i.NOP_Process       usb_core.o
    0x0800311e   0x000000a2   Code   RO         3847    i.NVIC_AllInit      usart.o
    0x080031c0   0x00000064   Code   RO         1050    i.NVIC_Init         misc.o
    0x08003224   0x00000014   Code   RO         1051    i.NVIC_PriorityGroupConfig  misc.o
    0x08003238   0x000000d4   Code   RO         3223    i.NoData_Setup0     usb_core.o
    0x0800330c   0x00000048   Code   RO         3224    i.Out0_Process      usb_core.o
    0x08003354   0x00000020   Code   RO         3393    i.PMAToUserBufferCopy  usb_mem.o
    0x08003374   0x0000001c   Code   RO          187    i.PendSV_Handler    stm32f10x_it.o
    0x08003390   0x00000044   Code   RO         3225    i.Post0_Process     usb_core.o
    0x080033d4   0x0000002c   Code   RO         3116    i.PowerOn           usb_pwr.o
    0x08003400   0x00000084   Code   RO          335    i.PowerOnInit       at_app.o
    0x08003484   0x00000038   Code   RO          336    i.PrintInfo         at_app.o
    0x080034bc   0x00000018   Code   RO         1748    i.RCC_AHBPeriphClockCmd  stm32f10x_rcc.o
    0x080034d4   0x00000018   Code   RO         1749    i.RCC_APB1PeriphClockCmd  stm32f10x_rcc.o
    0x080034ec   0x00000018   Code   RO         1750    i.RCC_APB1PeriphResetCmd  stm32f10x_rcc.o
    0x08003504   0x00000018   Code   RO         1751    i.RCC_APB2PeriphClockCmd  stm32f10x_rcc.o
    0x0800351c   0x00000018   Code   RO         1752    i.RCC_APB2PeriphResetCmd  stm32f10x_rcc.o
    0x08003534   0x00000040   Code   RO         1758    i.RCC_DeInit        stm32f10x_rcc.o
    0x08003574   0x00000094   Code   RO         1759    i.RCC_GetClocksFreq  stm32f10x_rcc.o
    0x08003608   0x00000030   Code   RO         1760    i.RCC_GetFlagStatus  stm32f10x_rcc.o
    0x08003638   0x00000010   Code   RO         1762    i.RCC_GetSYSCLKSource  stm32f10x_rcc.o
    0x08003648   0x00000014   Code   RO         1763    i.RCC_HCLKConfig    stm32f10x_rcc.o
    0x0800365c   0x00000034   Code   RO         1764    i.RCC_HSEConfig     stm32f10x_rcc.o
    0x08003690   0x00000014   Code   RO         1770    i.RCC_PCLK1Config   stm32f10x_rcc.o
    0x080036a4   0x00000014   Code   RO         1771    i.RCC_PCLK2Config   stm32f10x_rcc.o
    0x080036b8   0x0000000c   Code   RO         1772    i.RCC_PLLCmd        stm32f10x_rcc.o
    0x080036c4   0x00000014   Code   RO         1773    i.RCC_PLLConfig     stm32f10x_rcc.o
    0x080036d8   0x00000014   Code   RO         1776    i.RCC_SYSCLKConfig  stm32f10x_rcc.o
    0x080036ec   0x0000000c   Code   RO         1777    i.RCC_USBCLKConfig  stm32f10x_rcc.o
    0x080036f8   0x0000002c   Code   RO         1778    i.RCC_WaitForHSEStartUp  stm32f10x_rcc.o
    0x08003724   0x0000007c   Code   RO         3117    i.Resume            usb_pwr.o
    0x080037a0   0x00000020   Code   RO         3118    i.Resume_Init       usb_pwr.o
    0x080037c0   0x00000010   Code   RO         2671    i.SPI_I2S_DMACmd    stm32f10x_spi.o
    0x080037d0   0x00000054   Code   RO         2672    i.SPI_I2S_DeInit    stm32f10x_spi.o
    0x08003824   0x00000018   Code   RO          188    i.SVC_Handler       stm32f10x_it.o
    0x0800383c   0x00000062   Code   RO          337    i.SeekStr           at_app.o
    0x0800389e   0x00000002   PAD
    0x080038a0   0x00000044   Code   RO          338    i.SendCallState     at_app.o
    0x080038e4   0x00000024   Code   RO          865    i.SenderCreateFcs   wtp_mux.o
    0x08003908   0x00000010   Code   RO         3441    i.SetBTABLE         usb_regs.o
    0x08003918   0x00000040   Code   RO         3226    i.SetDeviceAddress  usb_core.o
    0x08003958   0x00000020   Code   RO         3455    i.SetEPRxAddr       usb_regs.o
    0x08003978   0x00000040   Code   RO         3456    i.SetEPRxCount      usb_regs.o
    0x080039b8   0x00000030   Code   RO         3457    i.SetEPRxStatus     usb_regs.o
    0x080039e8   0x00000020   Code   RO         3458    i.SetEPRxValid      usb_regs.o
    0x08003a08   0x00000020   Code   RO         3459    i.SetEPTxAddr       usb_regs.o
    0x08003a28   0x0000001c   Code   RO         3460    i.SetEPTxCount      usb_regs.o
    0x08003a44   0x00000030   Code   RO         3461    i.SetEPTxStatus     usb_regs.o
    0x08003a74   0x00000020   Code   RO         3462    i.SetEPTxValid      usb_regs.o
    0x08003a94   0x00000018   Code   RO         3463    i.SetEPType         usb_regs.o
    0x08003aac   0x000000a8   Code   RO          998    i.SetSysClockTo72   system_stm32f10x.o
    0x08003b54   0x000000a4   Code   RO         2809    i.Set_System        hw_config.o
    0x08003bf8   0x00000014   Code   RO         2810    i.Set_USBClock      hw_config.o
    0x08003c0c   0x00000068   Code   RO         3227    i.Setup0_Process    usb_core.o
    0x08003c74   0x000000ec   Code   RO         3228    i.Standard_ClearFeature  usb_core.o
    0x08003d60   0x00000028   Code   RO         3229    i.Standard_GetConfiguration  usb_core.o
    0x08003d88   0x0000001c   Code   RO         3230    i.Standard_GetDescriptorData  usb_core.o
    0x08003da4   0x00000028   Code   RO         3231    i.Standard_GetInterface  usb_core.o
    0x08003dcc   0x00000090   Code   RO         3232    i.Standard_GetStatus  usb_core.o
    0x08003e5c   0x00000038   Code   RO         3233    i.Standard_SetConfiguration  usb_core.o
    0x08003e94   0x00000024   Code   RO         3234    i.Standard_SetDeviceFeature  usb_core.o
    0x08003eb8   0x00000080   Code   RO         3235    i.Standard_SetEndPointFeature  usb_core.o
    0x08003f38   0x00000048   Code   RO         3236    i.Standard_SetInterface  usb_core.o
    0x08003f80   0x00000020   Code   RO         3119    i.Suspend           usb_pwr.o
    0x08003fa0   0x00000010   Code   RO          189    i.SysTick_Handler   stm32f10x_it.o
    0x08003fb0   0x00000050   Code   RO         1000    i.SystemInit        system_stm32f10x.o
    0x08004000   0x00000370   Code   RO          286    i.TaskHandle        wtp.o
    0x08004370   0x00000020   Code   RO         3848    i.TickInit          usart.o
    0x08004390   0x0000006c   Code   RO          190    i.UART4_IRQHandler  stm32f10x_it.o
    0x080043fc   0x000000a8   Code   RO         3849    i.UART4_Init        usart.o
    0x080044a4   0x0000008c   Code   RO          717    i.UART5_BD_Init     bds.o
    0x08004530   0x0000006c   Code   RO          191    i.USART1_IRQHandler  stm32f10x_it.o
    0x0800459c   0x0000006c   Code   RO         3851    i.USART2SendData    usart.o
    0x08004608   0x000000a8   Code   RO         3852    i.USART2SendDataWithEnd  usart.o
    0x080046b0   0x0000010c   Code   RO         3854    i.USART2_DMA_Init   usart.o
    0x080047bc   0x000000e0   Code   RO          192    i.USART2_IRQHandler  stm32f10x_it.o
    0x0800489c   0x00000054   Code   RO         3856    i.USART5SendStrWithEnd  usart.o
    0x080048f0   0x00000014   Code   RO         2484    i.USART_Cmd         stm32f10x_usart.o
    0x08004904   0x00000010   Code   RO         2485    i.USART_DMACmd      stm32f10x_usart.o
    0x08004914   0x0000000e   Code   RO         2487    i.USART_GetFlagStatus  stm32f10x_usart.o
    0x08004922   0x0000003e   Code   RO         2488    i.USART_GetITStatus  stm32f10x_usart.o
    0x08004960   0x00000030   Code   RO         2490    i.USART_ITConfig    stm32f10x_usart.o
    0x08004990   0x000000b4   Code   RO         2491    i.USART_Init        stm32f10x_usart.o
    0x08004a44   0x00000008   Code   RO         2498    i.USART_ReceiveData  stm32f10x_usart.o
    0x08004a4c   0x00000008   Code   RO         2501    i.USART_SendData    stm32f10x_usart.o
    0x08004a54   0x00000018   Code   RO         2811    i.USB_Cable_Config  hw_config.o
    0x08004a6c   0x00000074   Code   RO         3159    i.USB_EP1_Send      usbio.o
    0x08004ae0   0x0000003c   Code   RO         3160    i.USB_EP2_Rec       usbio.o
    0x08004b1c   0x0000003c   Code   RO         3161    i.USB_EP3_Rec       usbio.o
    0x08004b58   0x00000028   Code   RO         3162    i.USB_EP3_Send      usbio.o
    0x08004b80   0x00000028   Code   RO         3337    i.USB_Init          usb_init.o
    0x08004ba8   0x000000c0   Code   RO         2977    i.USB_Istr          usb_istr.o
    0x08004c68   0x00000004   Code   RO          193    i.USB_LP_CAN1_RX0_IRQHandler  stm32f10x_it.o
    0x08004c6c   0x00000150   Code   RO          635    i.USB_RecData       media_process.o
    0x08004dbc   0x00000020   Code   RO         3771    i.USB_SIL_Init      usb_sil.o
    0x08004ddc   0x00000054   Code   RO          636    i.USB_SendCom       media_process.o
    0x08004e30   0x00000064   Code   RO          637    i.USB_SendMes       media_process.o
    0x08004e94   0x00000038   Code   RO          638    i.USB_SendVoiceData  media_process.o
    0x08004ecc   0x00000068   Code   RO          640    i.USB_VoiceSend1    media_process.o
    0x08004f34   0x0000000c   Code   RO          339    i.UnexpectedHandle  at_app.o
    0x08004f40   0x000002bc   Code   RO          340    i.UnsolicitedHandle  at_app.o
    0x080051fc   0x00000020   Code   RO          194    i.UsageFault_Handler  stm32f10x_it.o
    0x0800521c   0x00000028   Code   RO         3394    i.UserToPMABufferCopy  usb_mem.o
    0x08005244   0x00000058   Code   RO         3163    i.WaitEp1InFlag     usbio.o
    0x0800529c   0x00000078   Code   RO         3165    i.WaitEp3InFlag     usbio.o
    0x08005314   0x000000d4   Code   RO          341    i.WaitForStr        at_app.o
    0x080053e8   0x00000020   Code   RO         4236    i.__0printf$8       mc_w.l(printf8.o)
    0x08005408   0x0000000e   Code   RO         4361    i.__scatterload_copy  mc_w.l(handlers.o)
    0x08005416   0x00000002   Code   RO         4362    i.__scatterload_null  mc_w.l(handlers.o)
    0x08005418   0x0000000e   Code   RO         4363    i.__scatterload_zeroinit  mc_w.l(handlers.o)
    0x08005426   0x00000002   PAD
    0x08005428   0x00000408   Code   RO         4243    i._printf_core      mc_w.l(printf8.o)
    0x08005830   0x00000026   Code   RO         4244    i._printf_post_padding  mc_w.l(printf8.o)
    0x08005856   0x00000030   Code   RO         4245    i._printf_pre_padding  mc_w.l(printf8.o)
    0x08005886   0x00000002   PAD
    0x08005888   0x00000104   Code   RO         3858    i.at_buffer_handler  usart.o
    0x0800598c   0x00000098   Code   RO          868    i.checkDLC          wtp_mux.o
    0x08005a24   0x00000020   Code   RO         3795    i.delay_ms          delay.o
    0x08005a44   0x00000018   Code   RO         3859    i.fputc             usart.o
    0x08005a5c   0x00000050   Code   RO         4290    i.free              mc_w.l(malloc.o)
    0x08005aac   0x00000028   Code   RO         3860    i.isSMSUnsolicited  usart.o
    0x08005ad4   0x000000a4   Code   RO           10    i.main              main.o
    0x08005b78   0x0000006c   Code   RO         4291    i.malloc            mc_w.l(malloc.o)
    0x08005be4   0x0000004e   Code   RO          342    i.myitoa            at_app.o
    0x08005c32   0x00000022   Code   RO         3862    i.strStartsWith     usart.o
    0x08005c54   0x0000013c   Data   RO          344    .constdata          at_app.o
    0x08005d90   0x000000a7   Data   RO          720    .constdata          bds.o
    0x08005e37   0x00000100   Data   RO          875    .constdata          wtp_mux.o
    0x08005f37   0x00000012   Data   RO         2904    .constdata          usb_desc.o
    0x08005f49   0x0000002e   Data   RO         2905    .constdata          usb_desc.o
    0x08005f77   0x00000004   Data   RO         2906    .constdata          usb_desc.o
    0x08005f7b   0x00000014   Data   RO         2907    .constdata          usb_desc.o
    0x08005f8f   0x0000001a   Data   RO         2908    .constdata          usb_desc.o
    0x08005fa9   0x00000010   Data   RO         2909    .constdata          usb_desc.o
    0x08005fb9   0x000002a7   Data   RO          345    .conststring        at_app.o
    0x08006260   0x000002fc   Data   RO          876    .conststring        wtp_mux.o
    0x0800655c   0x00000012   Data   RO         3868    .conststring        usart.o
    0x0800656e   0x00000002   PAD
    0x08006570   0x00000020   Data   RO         4359    Region$$Table       anon$$obj.o


    Execution Region RW_IRAM1 (Base: 0x20000000, Size: 0x000099e8, Max: 0x00010000, ABSOLUTE, COMPRESSED[0x000002f8])

    Base Addr    Size         Type   Attr      Idx    E Section Name        Object

    0x20000000   0x000001f8   Data   RW          347    .data               at_app.o
    0x200001f8   0x00000004   Data   RW          564    .data               i2s_codec.o
    0x200001fc   0x00000004   Data   RW          565    .data               i2s_codec.o
    0x20000200   0x00000004   Data   RW          566    .data               i2s_codec.o
    0x20000204   0x00000004   Data   RW          567    .data               i2s_codec.o
    0x20000208   0x00000001   Data   RW          568    .data               i2s_codec.o
    0x20000209   0x00000001   Data   RW          569    .data               i2s_codec.o
    0x2000020a   0x00000001   Data   RW          570    .data               i2s_codec.o
    0x2000020b   0x00000001   Data   RW          571    .data               i2s_codec.o
    0x2000020c   0x00000001   Data   RW          572    .data               i2s_codec.o
    0x2000020d   0x00000001   Data   RW          573    .data               i2s_codec.o
    0x2000020e   0x00000001   Data   RW          574    .data               i2s_codec.o
    0x2000020f   0x00000001   PAD
    0x20000210   0x0000000c   Data   RW          721    .data               bds.o
    0x2000021c   0x00000214   Data   RW          878    .data               wtp_mux.o
    0x20000430   0x00000014   Data   RW         1779    .data               stm32f10x_rcc.o
    0x20000444   0x00000001   Data   RW         2813    .data               hw_config.o
    0x20000445   0x0000001a   Data   RW         2910    .data               usb_desc.o
    0x2000045f   0x00000001   PAD
    0x20000460   0x0000000c   Data   RW         2931    .data               usb_endp.o
    0x2000046c   0x00000004   Data   RW         2978    .data               usb_istr.o
    0x20000470   0x0000001c   Data   RW         2979    .data               usb_istr.o
    0x2000048c   0x0000001c   Data   RW         2980    .data               usb_istr.o
    0x200004a8   0x00000002   Data   RW         3016    .data               usb_prop.o
    0x200004aa   0x00000002   PAD
    0x200004ac   0x00000074   Data   RW         3017    .data               usb_prop.o
    0x20000520   0x00000024   Data   RW         3018    .data               usb_prop.o
    0x20000544   0x00000004   Data   RW         3120    .data               usb_pwr.o
    0x20000548   0x00000001   Data   RW         3121    .data               usb_pwr.o
    0x20000549   0x00000002   Data   RW         3122    .data               usb_pwr.o
    0x2000054b   0x00000001   PAD
    0x2000054c   0x00000010   Data   RW         3166    .data               usbio.o
    0x2000055c   0x00000004   Data   RW         3237    .data               usb_core.o
    0x20000560   0x00000001   Data   RW         3339    .data               usb_init.o
    0x20000561   0x00000003   PAD
    0x20000564   0x0000000c   Data   RW         3340    .data               usb_init.o
    0x20000570   0x00000002   Data   RW         3342    .data               usb_init.o
    0x20000572   0x00000004   Data   RW         3365    .data               usb_int.o
    0x20000576   0x00000002   Data   RW         3869    .data               usart.o
    0x20000578   0x00000002   Data   RW         3870    .data               usart.o
    0x2000057a   0x00000002   PAD
    0x2000057c   0x00000004   Data   RW         3871    .data               usart.o
    0x20000580   0x00000020   Data   RW         3872    .data               usart.o
    0x200005a0   0x00000001   Data   RW         3875    .data               usart.o
    0x200005a1   0x00000003   PAD
    0x200005a4   0x00000004   Data   RW         3876    .data               usart.o
    0x200005a8   0x00000004   Data   RW         3877    .data               usart.o
    0x200005ac   0x00000004   Data   RW         4336    .data               mc_w.l(mvars.o)
    0x200005b0   0x00000004   Data   RW         4337    .data               mc_w.l(mvars.o)
    0x200005b4   0x0000050c   Zero   RW          287    .bss                wtp.o
    0x20000ac0   0x00000018   Zero   RW          343    .bss                at_app.o
    0x20000ad8   0x00000f58   Zero   RW          561    .bss                i2s_codec.o
    0x20001a30   0x0000029e   Zero   RW          719    .bss                bds.o
    0x20001cce   0x00000002   PAD
    0x20001cd0   0x000027d8   Zero   RW          870    .bss                wtp_mux.o
    0x200044a8   0x00000164   Zero   RW         2929    .bss                usb_endp.o
    0x2000460c   0x0000001c   Zero   RW         3338    .bss                usb_init.o
    0x20004628   0x0000012c   Zero   RW         3863    .bss                usart.o
    0x20004754   0x0000332d   Zero   RW         3864    .bss                usart.o
    0x20007a81   0x000001f5   Zero   RW         3865    .bss                usart.o
    0x20007c76   0x00001770   Zero   RW         3867    .bss                usart.o
    0x200093e6   0x00000002   PAD
    0x200093e8   0x00000200   Zero   RW            2    HEAP                startup_stm32f10x_hd.o
    0x200095e8   0x00000400   Zero   RW            1    STACK               startup_stm32f10x_hd.o


==============================================================================

Image component sizes


      Code (inc. data)   RO Data    RW Data    ZI Data      Debug   Object Name

      5594       2068        995        504         24      22873   at_app.o
      2162        404        167         12        670      10918   bds.o
        32          8          0          0          0        759   delay.o
       318         20          0          1          0       5017   hw_config.o
       528         44          0         23       3928       3072   i2s_codec.o
        76          4          0          0          0        507   led.o
       164         50          0          0          0     254047   main.o
       748        350          0          0          0       3470   media_process.o
       120         20          0          0          0       1575   misc.o
        36          8        304          0       1536        896   startup_stm32f10x_hd.o
       380         26          0          0          0       5283   stm32f10x_dma.o
        44         12          0          0          0       1109   stm32f10x_flash.o
       272          6          0          0          0       4843   stm32f10x_gpio.o
      1132        272          0          0          0       8075   stm32f10x_it.o
       616        114          0         20          0      13031   stm32f10x_rcc.o
       270         12          0          0          0       3659   stm32f10x_spi.o
       356          4          0          0          0       6604   stm32f10x_usart.o
       248         24          0          0          0     206557   system_stm32f10x.o
      1904        136         18         49      19902      27626   usart.o
      2146        276          0          4          0      14583   usb_core.o
         0          0        130         26          0       1194   usb_desc.o
       226         38          0         12        356       4198   usb_endp.o
        40         18          0         15         28       4198   usb_init.o
       356         26          0          4          0       1692   usb_int.o
       192         22          0         60          0       1460   usb_istr.o
        72         12          0          0          0       1668   usb_mem.o
       578        108          0        154          0      12429   usb_prop.o
       232         34          0          7          0       3646   usb_pwr.o
       558        108          0          0          0       9525   usb_regs.o
        32          8          0          0          0        523   usb_sil.o
       484        114          0         16          0       4666   usbio.o
       880        376          0          0       1292       1788   wtp.o
       596         20       1020        532      10200       9810   wtp_mux.o

    ----------------------------------------------------------------------
     21420       4742       2668       1452      37940     651301   Object Totals
         0          0         32          0          0          0   (incl. Generated)
        28          0          2         13          4          0   (incl. Padding)

    ----------------------------------------------------------------------

      Code (inc. data)   RO Data    RW Data    ZI Data      Debug   Library Member Name

        92          0          0          0          0          0   __dczerorl2.o
         0          0          0          0          0          0   entry.o
         0          0          0          0          0          0   entry10a.o
         0          0          0          0          0          0   entry11a.o
         8          4          0          0          0          0   entry2.o
         4          0          0          0          0          0   entry5.o
         0          0          0          0          0          0   entry7b.o
         0          0          0          0          0          0   entry8b.o
         8          4          0          0          0          0   entry9a.o
        30          0          0          0          0          0   handlers.o
        36          8          0          0          0         68   init.o
        30          0          0          0          0         68   llshl.o
        32          0          0          0          0         68   llushr.o
       188         20          0          0          0        160   malloc.o
        36          0          0          0          0         68   memcpya.o
        36          0          0          0          0        108   memseta.o
         0          0          0          8          0          0   mvars.o
      1150         54          0          0          0        352   printf8.o
        24          0          0          0          0         68   strcat.o
        28          0          0          0          0         76   strcmp.o
        14          0          0          0          0         68   strlen.o
        30          0          0          0          0         80   strncmp.o
        24          0          0          0          0         76   strncpy.o
        36          0          0          0          0         80   strstr.o
        98          0          0          0          0         92   uldiv.o

    ----------------------------------------------------------------------
      1912         90          0          8          0       1432   Library Totals
         8          0          0          0          0          0   (incl. Padding)

    ----------------------------------------------------------------------

      Code (inc. data)   RO Data    RW Data    ZI Data      Debug   Library Name

      1904         90          0          8          0       1432   mc_w.l

    ----------------------------------------------------------------------
      1912         90          0          8          0       1432   Library Totals

    ----------------------------------------------------------------------

==============================================================================


      Code (inc. data)   RO Data    RW Data    ZI Data      Debug   

     23332       4832       2668       1460      37940     640253   Grand Totals
     23332       4832       2668        760      37940     640253   ELF Image Totals (compressed)
     23332       4832       2668        760          0          0   ROM Totals

==============================================================================

    Total RO  Size (Code + RO Data)                26000 (  25.39kB)
    Total RW  Size (RW Data + ZI Data)             39400 (  38.48kB)
    Total ROM Size (Code + RO Data + RW Data)      26760 (  26.13kB)

==============================================================================

